Archive member included to satisfy reference by file (symbol)

C:/ST/STM32CubeIDE_1.13.2/STM32CubeIDE/plugins/com.st.stm32cube.ide.mcu.externaltools.gnu-tools-for-stm32.11.3.rel1.win32_1.1.1.202309131626/tools/bin/../lib/gcc/arm-none-eabi/11.3.1/../../../../arm-none-eabi/lib/thumb/v7e-m+dp/hard\libc_nano.a(libc_a-exit.o)
                              C:/ST/STM32CubeIDE_1.13.2/STM32CubeIDE/plugins/com.st.stm32cube.ide.mcu.externaltools.gnu-tools-for-stm32.11.3.rel1.win32_1.1.1.202309131626/tools/bin/../lib/gcc/arm-none-eabi/11.3.1/../../../../arm-none-eabi/lib/thumb/v7e-m+dp/hard/crt0.o (exit)
C:/ST/STM32CubeIDE_1.13.2/STM32CubeIDE/plugins/com.st.stm32cube.ide.mcu.externaltools.gnu-tools-for-stm32.11.3.rel1.win32_1.1.1.202309131626/tools/bin/../lib/gcc/arm-none-eabi/11.3.1/../../../../arm-none-eabi/lib/thumb/v7e-m+dp/hard\libc_nano.a(libc_a-findfp.o)
                              C:/ST/STM32CubeIDE_1.13.2/STM32CubeIDE/plugins/com.st.stm32cube.ide.mcu.externaltools.gnu-tools-for-stm32.11.3.rel1.win32_1.1.1.202309131626/tools/bin/../lib/gcc/arm-none-eabi/11.3.1/../../../../arm-none-eabi/lib/thumb/v7e-m+dp/hard\libc_nano.a(libc_a-exit.o) (__stdio_exit_handler)
C:/ST/STM32CubeIDE_1.13.2/STM32CubeIDE/plugins/com.st.stm32cube.ide.mcu.externaltools.gnu-tools-for-stm32.11.3.rel1.win32_1.1.1.202309131626/tools/bin/../lib/gcc/arm-none-eabi/11.3.1/../../../../arm-none-eabi/lib/thumb/v7e-m+dp/hard\libc_nano.a(libc_a-fwalk.o)
                              C:/ST/STM32CubeIDE_1.13.2/STM32CubeIDE/plugins/com.st.stm32cube.ide.mcu.externaltools.gnu-tools-for-stm32.11.3.rel1.win32_1.1.1.202309131626/tools/bin/../lib/gcc/arm-none-eabi/11.3.1/../../../../arm-none-eabi/lib/thumb/v7e-m+dp/hard\libc_nano.a(libc_a-findfp.o) (_fwalk_sglue)
C:/ST/STM32CubeIDE_1.13.2/STM32CubeIDE/plugins/com.st.stm32cube.ide.mcu.externaltools.gnu-tools-for-stm32.11.3.rel1.win32_1.1.1.202309131626/tools/bin/../lib/gcc/arm-none-eabi/11.3.1/../../../../arm-none-eabi/lib/thumb/v7e-m+dp/hard\libc_nano.a(libc_a-sprintf.o)
                              ./Core/Src/main.o (sprintf)
C:/ST/STM32CubeIDE_1.13.2/STM32CubeIDE/plugins/com.st.stm32cube.ide.mcu.externaltools.gnu-tools-for-stm32.11.3.rel1.win32_1.1.1.202309131626/tools/bin/../lib/gcc/arm-none-eabi/11.3.1/../../../../arm-none-eabi/lib/thumb/v7e-m+dp/hard\libc_nano.a(libc_a-stdio.o)
                              C:/ST/STM32CubeIDE_1.13.2/STM32CubeIDE/plugins/com.st.stm32cube.ide.mcu.externaltools.gnu-tools-for-stm32.11.3.rel1.win32_1.1.1.202309131626/tools/bin/../lib/gcc/arm-none-eabi/11.3.1/../../../../arm-none-eabi/lib/thumb/v7e-m+dp/hard\libc_nano.a(libc_a-findfp.o) (__sread)
C:/ST/STM32CubeIDE_1.13.2/STM32CubeIDE/plugins/com.st.stm32cube.ide.mcu.externaltools.gnu-tools-for-stm32.11.3.rel1.win32_1.1.1.202309131626/tools/bin/../lib/gcc/arm-none-eabi/11.3.1/../../../../arm-none-eabi/lib/thumb/v7e-m+dp/hard\libc_nano.a(libc_a-memset.o)
                              C:/ST/STM32CubeIDE_1.13.2/STM32CubeIDE/plugins/com.st.stm32cube.ide.mcu.externaltools.gnu-tools-for-stm32.11.3.rel1.win32_1.1.1.202309131626/tools/bin/../lib/gcc/arm-none-eabi/11.3.1/../../../../arm-none-eabi/lib/thumb/v7e-m+dp/hard/crt0.o (memset)
C:/ST/STM32CubeIDE_1.13.2/STM32CubeIDE/plugins/com.st.stm32cube.ide.mcu.externaltools.gnu-tools-for-stm32.11.3.rel1.win32_1.1.1.202309131626/tools/bin/../lib/gcc/arm-none-eabi/11.3.1/../../../../arm-none-eabi/lib/thumb/v7e-m+dp/hard\libc_nano.a(libc_a-closer.o)
                              C:/ST/STM32CubeIDE_1.13.2/STM32CubeIDE/plugins/com.st.stm32cube.ide.mcu.externaltools.gnu-tools-for-stm32.11.3.rel1.win32_1.1.1.202309131626/tools/bin/../lib/gcc/arm-none-eabi/11.3.1/../../../../arm-none-eabi/lib/thumb/v7e-m+dp/hard\libc_nano.a(libc_a-stdio.o) (_close_r)
C:/ST/STM32CubeIDE_1.13.2/STM32CubeIDE/plugins/com.st.stm32cube.ide.mcu.externaltools.gnu-tools-for-stm32.11.3.rel1.win32_1.1.1.202309131626/tools/bin/../lib/gcc/arm-none-eabi/11.3.1/../../../../arm-none-eabi/lib/thumb/v7e-m+dp/hard\libc_nano.a(libc_a-reent.o)
                              C:/ST/STM32CubeIDE_1.13.2/STM32CubeIDE/plugins/com.st.stm32cube.ide.mcu.externaltools.gnu-tools-for-stm32.11.3.rel1.win32_1.1.1.202309131626/tools/bin/../lib/gcc/arm-none-eabi/11.3.1/../../../../arm-none-eabi/lib/thumb/v7e-m+dp/hard\libc_nano.a(libc_a-closer.o) (errno)
C:/ST/STM32CubeIDE_1.13.2/STM32CubeIDE/plugins/com.st.stm32cube.ide.mcu.externaltools.gnu-tools-for-stm32.11.3.rel1.win32_1.1.1.202309131626/tools/bin/../lib/gcc/arm-none-eabi/11.3.1/../../../../arm-none-eabi/lib/thumb/v7e-m+dp/hard\libc_nano.a(libc_a-impure.o)
                              C:/ST/STM32CubeIDE_1.13.2/STM32CubeIDE/plugins/com.st.stm32cube.ide.mcu.externaltools.gnu-tools-for-stm32.11.3.rel1.win32_1.1.1.202309131626/tools/bin/../lib/gcc/arm-none-eabi/11.3.1/../../../../arm-none-eabi/lib/thumb/v7e-m+dp/hard\libc_nano.a(libc_a-sprintf.o) (_impure_ptr)
[...]
Memory Configuration

Name             Origin             Length             Attributes
ITCMRAM          0x0000000000000000 0x0000000000010000 xrw
FLASH            0x0000000008000000 0x0000000000200000 xr
DTCMRAM1         0x0000000020000000 0x0000000000010000 xrw
DTCMRAM2         0x0000000020010000 0x0000000000010000 xrw
RAM              0x0000000024000000 0x0000000000100000 xrw
RAM_CD           0x0000000030000000 0x0000000000020000 xrw
RAM_SRD          0x0000000038000000 0x0000000000008000 xrw
*default*        0x0000000000000000 0xffffffffffffffff

Linker script and memory map

LOAD C:/ST/STM32CubeIDE_1.13.2/STM32CubeIDE/plugins/com.st.stm32cube.ide.mcu.externaltools.gnu-tools-for-stm32.11.3.rel1.win32_1.1.1.202309131626/tools/bin/../lib/gcc/arm-none-eabi/11.3.1/thumb/v7e-m+dp/hard/crti.o
LOAD C:/ST/STM32CubeIDE_1.13.2/STM32CubeIDE/plugins/com.st.stm32cube.ide.mcu.externaltools.gnu-tools-for-stm32.11.3.rel1.win32_1.1.1.202309131626/tools/bin/../lib/gcc/arm-none-eabi/11.3.1/thumb/v7e-m+dp/hard/crtbegin.o
LOAD C:/ST/STM32CubeIDE_1.13.2/STM32CubeIDE/plugins/com.st.stm32cube.ide.mcu.externaltools.gnu-tools-for-stm32.11.3.rel1.win32_1.1.1.202309131626/tools/bin/../lib/gcc/arm-none-eabi/11.3.1/../../../../arm-none-eabi/lib/thumb/v7e-m+dp/hard/crt0.o
LOAD ./Core/Src/main.o
LOAD ./Core/Src/stm32h7xx_hal_msp.o
LOAD ./Core/Src/stm32h7xx_it.o
LOAD ./Core/Src/syscalls.o
LOAD ./Core/Src/sysmem.o
LOAD ./Core/Src/system_stm32h7xx.o
LOAD ./Core/Startup/startup_stm32h7a3zitxq.o
LOAD ./Drivers/STM32H7xx_HAL_Driver/Src/stm32h7xx_hal.o
LOAD ./Drivers/STM32H7xx_HAL_Driver/Src/stm32h7xx_hal_adc.o
LOAD ./Drivers/STM32H7xx_HAL_Driver/Src/stm32h7xx_hal_adc_ex.o
LOAD ./Drivers/STM32H7xx_HAL_Driver/Src/stm32h7xx_hal_cortex.o
LOAD ./Drivers/STM32H7xx_HAL_Driver/Src/stm32h7xx_hal_dma.o
LOAD ./Drivers/STM32H7xx_HAL_Driver/Src/stm32h7xx_hal_dma_ex.o
LOAD ./Drivers/STM32H7xx_HAL_Driver/Src/stm32h7xx_hal_exti.o
LOAD ./Drivers/STM32H7xx_HAL_Driver/Src/stm32h7xx_hal_flash.o
LOAD ./Drivers/STM32H7xx_HAL_Driver/Src/stm32h7xx_hal_flash_ex.o
LOAD ./Drivers/STM32H7xx_HAL_Driver/Src/stm32h7xx_hal_gpio.o
LOAD ./Drivers/STM32H7xx_HAL_Driver/Src/stm32h7xx_hal_hsem.o
LOAD ./Drivers/STM32H7xx_HAL_Driver/Src/stm32h7xx_hal_i2c.o
LOAD ./Drivers/STM32H7xx_HAL_Driver/Src/stm32h7xx_hal_i2c_ex.o
LOAD ./Drivers/STM32H7xx_HAL_Driver/Src/stm32h7xx_hal_mdma.o
LOAD ./Drivers/STM32H7xx_HAL_Driver/Src/stm32h7xx_hal_pwr.o
LOAD ./Drivers/STM32H7xx_HAL_Driver/Src/stm32h7xx_hal_pwr_ex.o
LOAD ./Drivers/STM32H7xx_HAL_Driver/Src/stm32h7xx_hal_rcc.o
LOAD ./Drivers/STM32H7xx_HAL_Driver/Src/stm32h7xx_hal_rcc_ex.o
LOAD ./Drivers/STM32H7xx_HAL_Driver/Src/stm32h7xx_hal_tim.o
LOAD ./Drivers/STM32H7xx_HAL_Driver/Src/stm32h7xx_hal_tim_ex.o
LOAD ./Drivers/STM32H7xx_HAL_Driver/Src/stm32h7xx_hal_uart.o
LOAD ./Drivers/STM32H7xx_HAL_Driver/Src/stm32h7xx_hal_uart_ex.o
START GROUP
LOAD C:/ST/STM32CubeIDE_1.13.2/STM32CubeIDE/plugins/com.st.stm32cube.ide.mcu.externaltools.gnu-tools-for-stm32.11.3.rel1.win32_1.1.1.202309131626/tools/bin/../lib/gcc/arm-none-eabi/11.3.1/../../../../arm-none-eabi/lib/thumb/v7e-m+dp/hard\libc_nano.a
LOAD C:/ST/STM32CubeIDE_1.13.2/STM32CubeIDE/plugins/com.st.stm32cube.ide.mcu.externaltools.gnu-tools-for-stm32.11.3.rel1.win32_1.1.1.202309131626/tools/bin/../lib/gcc/arm-none-eabi/11.3.1/../../../../arm-none-eabi/lib/thumb/v7e-m+dp/hard\libm.a
END GROUP
START GROUP
LOAD C:/ST/STM32CubeIDE_1.13.2/STM32CubeIDE/plugins/com.st.stm32cube.ide.mcu.externaltools.gnu-tools-for-stm32.11.3.rel1.win32_1.1.1.202309131626/tools/bin/../lib/gcc/arm-none-eabi/11.3.1/thumb/v7e-m+dp/hard\libgcc.a
LOAD C:/ST/STM32CubeIDE_1.13.2/STM32CubeIDE/plugins/com.st.stm32cube.ide.mcu.externaltools.gnu-tools-for-stm32.11.3.rel1.win32_1.1.1.202309131626/tools/bin/../lib/gcc/arm-none-eabi/11.3.1/../../../../arm-none-eabi/lib/thumb/v7e-m+dp/hard\libc_nano.a
END GROUP
START GROUP
LOAD C:/ST/STM32CubeIDE_1.13.2/STM32CubeIDE/plugins/com.st.stm32cube.ide.mcu.externaltools.gnu-tools-for-stm32.11.3.rel1.win32_1.1.1.202309131626/tools/bin/../lib/gcc/arm-none-eabi/11.3.1/thumb/v7e-m+dp/hard\libgcc.a
LOAD C:/ST/STM32CubeIDE_1.13.2/STM32CubeIDE/plugins/com.st.stm32cube.ide.mcu.externaltools.gnu-tools-for-stm32.11.3.rel1.win32_1.1.1.202309131626/tools/bin/../lib/gcc/arm-none-eabi/11.3.1/../../../../arm-none-eabi/lib/thumb/v7e-m+dp/hard\libc_nano.a
LOAD C:/ST/STM32CubeIDE_1.13.2/STM32CubeIDE/plugins/com.st.stm32cube.ide.mcu.externaltools.gnu-tools-for-stm32.11.3.rel1.win32_1.1.1.202309131626/tools/bin/../lib/gcc/arm-none-eabi/11.3.1/../../../../arm-none-eabi/lib/thumb/v7e-m+dp/hard\libnosys.a
END GROUP
START GROUP
LOAD C:/ST/STM32CubeIDE_1.13.2/STM32CubeIDE/plugins/com.st.stm32cube.ide.mcu.externaltools.gnu-tools-for-stm32.11.3.rel1.win32_1.1.1.202309131626/tools/bin/../lib/gcc/arm-none-eabi/11.3.1/thumb/v7e-m+dp/hard\libgcc.a
LOAD C:/ST/STM32CubeIDE_1.13.2/STM32CubeIDE/plugins/com.st.stm32cube.ide.mcu.externaltools.gnu-tools-for-stm32.11.3.rel1.win32_1.1.1.202309131626/tools/bin/../lib/gcc/arm-none-eabi/11.3.1/../../../../arm-none-eabi/lib/thumb/v7e-m+dp/hard\libc_nano.a
LOAD C:/ST/STM32CubeIDE_1.13.2/STM32CubeIDE/plugins/com.st.stm32cube.ide.mcu.externaltools.gnu-tools-for-stm32.11.3.rel1.win32_1.1.1.202309131626/tools/bin/../lib/gcc/arm-none-eabi/11.3.1/../../../../arm-none-eabi/lib/thumb/v7e-m+dp/hard\libnosys.a
END GROUP
LOAD C:/ST/STM32CubeIDE_1.13.2/STM32CubeIDE/plugins/com.st.stm32cube.ide.mcu.externaltools.gnu-tools-for-stm32.11.3.rel1.win32_1.1.1.202309131626/tools/bin/../lib/gcc/arm-none-eabi/11.3.1/thumb/v7e-m+dp/hard/crtend.o
LOAD C:/ST/STM32CubeIDE_1.13.2/STM32CubeIDE/plugins/com.st.stm32cube.ide.mcu.externaltools.gnu-tools-for-stm32.11.3.rel1.win32_1.1.1.202309131626/tools/bin/../lib/gcc/arm-none-eabi/11.3.1/thumb/v7e-m+dp/hard/crtn.o
                0x0000000024100000                _estack = (ORIGIN (RAM) + LENGTH (RAM))
                0x0000000000000200                _Min_Heap_Size = 0x200
                0x0000000000000400                _Min_Stack_Size = 0x400

.isr_vector     0x0000000008000000      0x2ac
                0x0000000008000000                . = ALIGN (0x4)
 *(.isr_vector)
 .isr_vector    0x0000000008000000      0x2ac ./Core/Startup/startup_stm32h7a3zitxq.o
                0x0000000008000000                g_pfnVectors
                0x00000000080002ac                . = ALIGN (0x4)

.text           0x00000000080002b0     0x7e98
                0x00000000080002b0                . = ALIGN (0x4)
 *(.text)
 .text          0x00000000080002b0       0x40 C:/ST/STM32CubeIDE_1.13.2/STM32CubeIDE/plugins/com.st.stm32cube.ide.mcu.externaltools.gnu-tools-for-stm32.11.3.rel1.win32_1.1.1.202309131626/tools/bin/../lib/gcc/arm-none-eabi/11.3.1/thumb/v7e-m+dp/hard/crtbegin.o
 .text          0x00000000080002f0       0xa0 C:/ST/STM32CubeIDE_1.13.2/STM32CubeIDE/plugins/com.st.stm32cube.ide.mcu.externaltools.gnu-tools-for-stm32.11.3.rel1.win32_1.1.1.202309131626/tools/bin/../lib/gcc/arm-none-eabi/11.3.1/../../../../arm-none-eabi/lib/thumb/v7e-m+dp/hard\libc_nano.a(libc_a-memchr.o)
                0x00000000080002f0                memchr
 .text          0x0000000008000390       0x30 C:/ST/STM32CubeIDE_1.13.2/STM32CubeIDE/plugins/com.st.stm32cube.ide.mcu.externaltools.gnu-tools-for-stm32.11.3.rel1.win32_1.1.1.202309131626/tools/bin/../lib/gcc/arm-none-eabi/11.3.1/thumb/v7e-m+dp/hard\libgcc.a(_aeabi_uldivmod.o)
                0x0000000008000390                __aeabi_uldivmod
 .text          0x00000000080003c0      0x2c8 C:/ST/STM32CubeIDE_1.13.2/STM32CubeIDE/plugins/com.st.stm32cube.ide.mcu.externaltools.gnu-tools-for-stm32.11.3.rel1.win32_1.1.1.202309131626/tools/bin/../lib/gcc/arm-none-eabi/11.3.1/thumb/v7e-m+dp/hard\libgcc.a(_udivmoddi4.o)
                0x00000000080003c0                __udivmoddi4
 .text          0x0000000008000688        0x4 C:/ST/STM32CubeIDE_1.13.2/STM32CubeIDE/plugins/com.st.stm32cube.ide.mcu.externaltools.gnu-tools-for-stm32.11.3.rel1.win32_1.1.1.202309131626/tools/bin/../lib/gcc/arm-none-eabi/11.3.1/thumb/v7e-m+dp/hard\libgcc.a(_dvmd_tls.o)
                0x0000000008000688                __aeabi_idiv0
                0x0000000008000688                __aeabi_ldiv0
 *(.text*)
 *fill*         0x000000000800068c        0x4 
 .text.main     0x0000000008000690       0xcc ./Core/Src/main.o
                0x0000000008000690                main
 .text.SystemClock_Config
                0x000000000800075c       0xec ./Core/Src/main.o
                0x000000000800075c                SystemClock_Config
 .text.PeriphCommonClock_Config
                0x0000000008000848       0x5e ./Core/Src/main.o
                0x0000000008000848                PeriphCommonClock_Config
 *fill*         0x00000000080008a6        0x2 
 .text.MX_ADC1_Init
                0x00000000080008a8       0xf0 ./Core/Src/main.o
 .text.MX_ADC2_Init
                0x0000000008000998       0xc8 ./Core/Src/main.o
 .text.MX_USART3_UART_Init
                0x0000000008000a60       0x98 ./Core/Src/main.o
 .text.MX_USB_OTG_HS_USB_Init
                0x0000000008000af8        0xe ./Core/Src/main.o
 *fill*         0x0000000008000b06        0x2 
 .text.MX_GPIO_Init
                0x0000000008000b08      0x234 ./Core/Src/main.o
 .text.Error_Handler
                0x0000000008000d3c        0xa ./Core/Src/main.o
                0x0000000008000d3c                Error_Handler
 *fill*         0x0000000008000d46        0x2 
 .text.HAL_MspInit
                0x0000000008000d48       0x34 ./Core/Src/stm32h7xx_hal_msp.o
                0x0000000008000d48                HAL_MspInit
 .text.HAL_ADC_MspInit
                0x0000000008000d7c      0x10c ./Core/Src/stm32h7xx_hal_msp.o
                0x0000000008000d7c                HAL_ADC_MspInit
 .text.HAL_UART_MspInit
                0x0000000008000e88       0xd4 ./Core/Src/stm32h7xx_hal_msp.o
                0x0000000008000e88                HAL_UART_MspInit
 .text.NMI_Handler
                0x0000000008000f5c        0x6 ./Core/Src/stm32h7xx_it.o
                0x0000000008000f5c                NMI_Handler
 .text.HardFault_Handler
                0x0000000008000f62        0x6 ./Core/Src/stm32h7xx_it.o
                0x0000000008000f62                HardFault_Handler
 .text.MemManage_Handler
                0x0000000008000f68        0x6 ./Core/Src/stm32h7xx_it.o
                0x0000000008000f68                MemManage_Handler
 .text.BusFault_Handler
                0x0000000008000f6e        0x6 ./Core/Src/stm32h7xx_it.o
                0x0000000008000f6e                BusFault_Handler
 .text.UsageFault_Handler
                0x0000000008000f74        0x6 ./Core/Src/stm32h7xx_it.o
                0x0000000008000f74                UsageFault_Handler
 .text.SVC_Handler
                0x0000000008000f7a        0xe ./Core/Src/stm32h7xx_it.o
                0x0000000008000f7a                SVC_Handler
 .text.DebugMon_Handler
                0x0000000008000f88        0xe ./Core/Src/stm32h7xx_it.o
                0x0000000008000f88                DebugMon_Handler
 .text.PendSV_Handler
                0x0000000008000f96        0xe ./Core/Src/stm32h7xx_it.o
                0x0000000008000f96                PendSV_Handler
 .text.SysTick_Handler
                0x0000000008000fa4        0xc ./Core/Src/stm32h7xx_it.o
                0x0000000008000fa4                SysTick_Handler
 .text._sbrk    0x0000000008000fb0       0x6c ./Core/Src/sysmem.o
                0x0000000008000fb0                _sbrk
 .text.SystemInit
                0x000000000800101c       0xf0 ./Core/Src/system_stm32h7xx.o
                0x000000000800101c                SystemInit
 .text.Reset_Handler
                0x000000000800110c       0x50 ./Core/Startup/startup_stm32h7a3zitxq.o
                0x000000000800110c                Reset_Handler
 .text.Default_Handler
                0x000000000800115c        0x2 ./Core/Startup/startup_stm32h7a3zitxq.o
                0x000000000800115c                RTC_Alarm_IRQHandler
                0x000000000800115c                EXTI2_IRQHandler
                0x000000000800115c                TIM8_CC_IRQHandler
                0x000000000800115c                UART8_IRQHandler
                0x000000000800115c                BDMA2_Channel1_IRQHandler
                0x000000000800115c                SPI4_IRQHandler
                0x000000000800115c                BDMA2_Channel0_IRQHandler
                0x000000000800115c                TIM1_CC_IRQHandler
                0x000000000800115c                DMA2_Stream5_IRQHandler
                0x000000000800115c                JPEG_IRQHandler
                0x000000000800115c                DMA1_Stream5_IRQHandler
                0x000000000800115c                EXTI3_IRQHandler
                0x000000000800115c                LPTIM4_IRQHandler
                0x000000000800115c                TIM8_TRG_COM_TIM14_IRQHandler
                0x000000000800115c                LPTIM2_IRQHandler
                0x000000000800115c                DFSDM1_FLT1_IRQHandler
                0x000000000800115c                DMAMUX2_OVR_IRQHandler
                0x000000000800115c                GFXMMU_IRQHandler
                0x000000000800115c                TIM8_UP_TIM13_IRQHandler
                0x000000000800115c                I2C3_ER_IRQHandler
                0x000000000800115c                DFSDM1_FLT2_IRQHandler
                0x000000000800115c                USART10_IRQHandler
                0x000000000800115c                MDMA_IRQHandler
                0x000000000800115c                LPTIM3_IRQHandler
                0x000000000800115c                BDMA2_Channel3_IRQHandler
                0x000000000800115c                HSEM1_IRQHandler
                0x000000000800115c                EXTI0_IRQHandler
                0x000000000800115c                I2C2_EV_IRQHandler
                0x000000000800115c                DAC2_IRQHandler
                0x000000000800115c                DMA1_Stream2_IRQHandler
                0x000000000800115c                FPU_IRQHandler
                0x000000000800115c                OTG_HS_WKUP_IRQHandler
                0x000000000800115c                FDCAN1_IT1_IRQHandler
                0x000000000800115c                LTDC_ER_IRQHandler
                0x000000000800115c                DMA2_Stream2_IRQHandler
                0x000000000800115c                SPI1_IRQHandler
                0x000000000800115c                OCTOSPI1_IRQHandler
                0x000000000800115c                TIM6_DAC_IRQHandler
                0x000000000800115c                BDMA2_Channel6_IRQHandler
                0x000000000800115c                DMA2_Stream3_IRQHandler
                0x000000000800115c                OCTOSPI2_IRQHandler
                0x000000000800115c                SAI2_IRQHandler
                0x000000000800115c                BDMA1_IRQHandler
                0x000000000800115c                DFSDM1_FLT3_IRQHandler
                0x000000000800115c                USART6_IRQHandler
                0x000000000800115c                TIM17_IRQHandler
                0x000000000800115c                USART3_IRQHandler
                0x000000000800115c                LPTIM5_IRQHandler
                0x000000000800115c                UART5_IRQHandler
                0x000000000800115c                DMA2_Stream0_IRQHandler
                0x000000000800115c                TIM4_IRQHandler
                0x000000000800115c                I2C1_EV_IRQHandler
                0x000000000800115c                DMA1_Stream6_IRQHandler
                0x000000000800115c                DMAMUX1_OVR_IRQHandler
                0x000000000800115c                DMA1_Stream1_IRQHandler
                0x000000000800115c                TIM16_IRQHandler
                0x000000000800115c                UART4_IRQHandler
                0x000000000800115c                TIM3_IRQHandler
                0x000000000800115c                RCC_IRQHandler
                0x000000000800115c                UART9_IRQHandler
                0x000000000800115c                TIM8_BRK_TIM12_IRQHandler
                0x000000000800115c                TIM1_TRG_COM_IRQHandler
                0x000000000800115c                Default_Handler
                0x000000000800115c                ECC_IRQHandler
                0x000000000800115c                BDMA2_Channel2_IRQHandler
                0x000000000800115c                CEC_IRQHandler
                0x000000000800115c                EXTI15_10_IRQHandler
                0x000000000800115c                DFSDM1_FLT4_IRQHandler
                0x000000000800115c                ADC_IRQHandler
                0x000000000800115c                DMA1_Stream7_IRQHandler
                0x000000000800115c                SPI5_IRQHandler
                0x000000000800115c                TIM7_IRQHandler
                0x000000000800115c                SDMMC1_IRQHandler
                0x000000000800115c                TIM5_IRQHandler
                0x000000000800115c                DMA2_Stream7_IRQHandler
                0x000000000800115c                TIM15_IRQHandler
                0x000000000800115c                I2C3_EV_IRQHandler
                0x000000000800115c                DFSDM2_IRQHandler
                0x000000000800115c                EXTI9_5_IRQHandler
                0x000000000800115c                RTC_WKUP_IRQHandler
                0x000000000800115c                LTDC_IRQHandler
                0x000000000800115c                SPDIF_RX_IRQHandler
                0x000000000800115c                PVD_PVM_IRQHandler
                0x000000000800115c                SPI2_IRQHandler
                0x000000000800115c                OTG_HS_EP1_IN_IRQHandler
                0x000000000800115c                DFSDM1_FLT5_IRQHandler
                0x000000000800115c                DMA1_Stream0_IRQHandler
                0x000000000800115c                CRS_IRQHandler
                0x000000000800115c                EXTI4_IRQHandler
                0x000000000800115c                DFSDM1_FLT6_IRQHandler
                0x000000000800115c                RNG_IRQHandler
                0x000000000800115c                FDCAN2_IT1_IRQHandler
                0x000000000800115c                COMP_IRQHandler
                0x000000000800115c                TIM1_UP_IRQHandler
                0x000000000800115c                OTG_HS_EP1_OUT_IRQHandler
                0x000000000800115c                WWDG_IRQHandler
                0x000000000800115c                SPI6_IRQHandler
                0x000000000800115c                MDIOS_IRQHandler
                0x000000000800115c                I2C4_EV_IRQHandler
                0x000000000800115c                FDCAN2_IT0_IRQHandler
                0x000000000800115c                LPUART1_IRQHandler
                0x000000000800115c                FDCAN1_IT0_IRQHandler
                0x000000000800115c                TIM2_IRQHandler
                0x000000000800115c                BDMA2_Channel5_IRQHandler
                0x000000000800115c                OTG_HS_IRQHandler
                0x000000000800115c                DMA2D_IRQHandler
                0x000000000800115c                TIM1_BRK_IRQHandler
                0x000000000800115c                EXTI1_IRQHandler
                0x000000000800115c                SDMMC2_IRQHandler
                0x000000000800115c                DTS_IRQHandler
                0x000000000800115c                UART7_IRQHandler
                0x000000000800115c                MDIOS_WKUP_IRQHandler
                0x000000000800115c                USART2_IRQHandler
                0x000000000800115c                DFSDM1_FLT0_IRQHandler
                0x000000000800115c                I2C2_ER_IRQHandler
                0x000000000800115c                DMA2_Stream1_IRQHandler
                0x000000000800115c                DFSDM1_FLT7_IRQHandler
                0x000000000800115c                FLASH_IRQHandler
                0x000000000800115c                DMA2_Stream4_IRQHandler
                0x000000000800115c                USART1_IRQHandler
                0x000000000800115c                SPI3_IRQHandler
                0x000000000800115c                WAKEUP_PIN_IRQHandler
                0x000000000800115c                DMA1_Stream4_IRQHandler
                0x000000000800115c                I2C1_ER_IRQHandler
                0x000000000800115c                FMC_IRQHandler
                0x000000000800115c                BDMA2_Channel7_IRQHandler
                0x000000000800115c                FDCAN_CAL_IRQHandler
                0x000000000800115c                SWPMI1_IRQHandler
                0x000000000800115c                LPTIM1_IRQHandler
                0x000000000800115c                DCMI_PSSI_IRQHandler
                0x000000000800115c                I2C4_ER_IRQHandler
                0x000000000800115c                DMA2_Stream6_IRQHandler
                0x000000000800115c                SAI1_IRQHandler
                0x000000000800115c                DMA1_Stream3_IRQHandler
                0x000000000800115c                RTC_TAMP_STAMP_CSS_LSE_IRQHandler
                0x000000000800115c                BDMA2_Channel4_IRQHandler
 *fill*         0x000000000800115e        0x2 
 .text.HAL_Init
                0x0000000008001160       0x78 ./Drivers/STM32H7xx_HAL_Driver/Src/stm32h7xx_hal.o
                0x0000000008001160                HAL_Init
 .text.HAL_InitTick
                0x00000000080011d8       0x6c ./Drivers/STM32H7xx_HAL_Driver/Src/stm32h7xx_hal.o
                0x00000000080011d8                HAL_InitTick
 .text.HAL_IncTick
                0x0000000008001244       0x28 ./Drivers/STM32H7xx_HAL_Driver/Src/stm32h7xx_hal.o
                0x0000000008001244                HAL_IncTick
 .text.HAL_GetTick
                0x000000000800126c       0x18 ./Drivers/STM32H7xx_HAL_Driver/Src/stm32h7xx_hal.o
                0x000000000800126c                HAL_GetTick
 .text.HAL_Delay
                0x0000000008001284       0x48 ./Drivers/STM32H7xx_HAL_Driver/Src/stm32h7xx_hal.o
                0x0000000008001284                HAL_Delay
 .text.HAL_SYSCFG_AnalogSwitchConfig
                0x00000000080012cc       0x2c ./Drivers/STM32H7xx_HAL_Driver/Src/stm32h7xx_hal.o
                0x00000000080012cc                HAL_SYSCFG_AnalogSwitchConfig
 .text.LL_ADC_SetCommonClock
                0x00000000080012f8       0x26 ./Drivers/STM32H7xx_HAL_Driver/Src/stm32h7xx_hal_adc.o
 .text.LL_ADC_SetCommonPathInternalCh
                0x000000000800131e       0x26 ./Drivers/STM32H7xx_HAL_Driver/Src/stm32h7xx_hal_adc.o
 .text.LL_ADC_GetCommonPathInternalCh
                0x0000000008001344       0x1c ./Drivers/STM32H7xx_HAL_Driver/Src/stm32h7xx_hal_adc.o
 .text.LL_ADC_SetOffset
                0x0000000008001360       0x40 ./Drivers/STM32H7xx_HAL_Driver/Src/stm32h7xx_hal_adc.o
 .text.LL_ADC_SetDataRightShift
                0x00000000080013a0       0x32 ./Drivers/STM32H7xx_HAL_Driver/Src/stm32h7xx_hal_adc.o
 .text.LL_ADC_SetOffsetSignedSaturation
                0x00000000080013d2       0x36 ./Drivers/STM32H7xx_HAL_Driver/Src/stm32h7xx_hal_adc.o
 .text.LL_ADC_REG_IsTriggerSourceSWStart
                0x0000000008001408       0x26 ./Drivers/STM32H7xx_HAL_Driver/Src/stm32h7xx_hal_adc.o
 .text.LL_ADC_REG_SetSequencerRanks
                0x000000000800142e       0x58 ./Drivers/STM32H7xx_HAL_Driver/Src/stm32h7xx_hal_adc.o
 .text.LL_ADC_SetChannelSamplingTime
                0x0000000008001486       0x56 ./Drivers/STM32H7xx_HAL_Driver/Src/stm32h7xx_hal_adc.o
 .text.LL_ADC_SetChannelSingleDiff
                0x00000000080014dc       0x48 ./Drivers/STM32H7xx_HAL_Driver/Src/stm32h7xx_hal_adc.o
 .text.LL_ADC_GetMultimode
                0x0000000008001524       0x1c ./Drivers/STM32H7xx_HAL_Driver/Src/stm32h7xx_hal_adc.o
 .text.LL_ADC_GetMultiDMATransfer
                0x0000000008001540       0x1c ./Drivers/STM32H7xx_HAL_Driver/Src/stm32h7xx_hal_adc.o
 .text.LL_ADC_DisableDeepPowerDown
                0x000000000800155c       0x24 ./Drivers/STM32H7xx_HAL_Driver/Src/stm32h7xx_hal_adc.o
 .text.LL_ADC_IsDeepPowerDownEnabled
                0x0000000008001580       0x28 ./Drivers/STM32H7xx_HAL_Driver/Src/stm32h7xx_hal_adc.o
 .text.LL_ADC_EnableInternalRegulator
                0x00000000080015a8       0x28 ./Drivers/STM32H7xx_HAL_Driver/Src/stm32h7xx_hal_adc.o
 .text.LL_ADC_IsInternalRegulatorEnabled
                0x00000000080015d0       0x28 ./Drivers/STM32H7xx_HAL_Driver/Src/stm32h7xx_hal_adc.o
 .text.LL_ADC_Enable
                0x00000000080015f8       0x28 ./Drivers/STM32H7xx_HAL_Driver/Src/stm32h7xx_hal_adc.o
 .text.LL_ADC_IsEnabled
                0x0000000008001620       0x26 ./Drivers/STM32H7xx_HAL_Driver/Src/stm32h7xx_hal_adc.o
 *fill*         0x0000000008001646        0x2 
 .text.LL_ADC_REG_StartConversion
                0x0000000008001648       0x28 ./Drivers/STM32H7xx_HAL_Driver/Src/stm32h7xx_hal_adc.o
 .text.LL_ADC_REG_IsConversionOngoing
                0x0000000008001670       0x26 ./Drivers/STM32H7xx_HAL_Driver/Src/stm32h7xx_hal_adc.o
 .text.LL_ADC_INJ_IsConversionOngoing
                0x0000000008001696       0x26 ./Drivers/STM32H7xx_HAL_Driver/Src/stm32h7xx_hal_adc.o
 .text.HAL_ADC_Init
                0x00000000080016bc      0x2b4 ./Drivers/STM32H7xx_HAL_Driver/Src/stm32h7xx_hal_adc.o
                0x00000000080016bc                HAL_ADC_Init
 .text.HAL_ADC_Start
                0x0000000008001970      0x174 ./Drivers/STM32H7xx_HAL_Driver/Src/stm32h7xx_hal_adc.o
                0x0000000008001970                HAL_ADC_Start
 .text.HAL_ADC_PollForConversion
                0x0000000008001ae4      0x1b0 ./Drivers/STM32H7xx_HAL_Driver/Src/stm32h7xx_hal_adc.o
                0x0000000008001ae4                HAL_ADC_PollForConversion
 .text.HAL_ADC_GetValue
                0x0000000008001c94       0x1a ./Drivers/STM32H7xx_HAL_Driver/Src/stm32h7xx_hal_adc.o
                0x0000000008001c94                HAL_ADC_GetValue
 *fill*         0x0000000008001cae        0x2 
 .text.HAL_ADC_ConfigChannel
                0x0000000008001cb0      0x5cc ./Drivers/STM32H7xx_HAL_Driver/Src/stm32h7xx_hal_adc.o
                0x0000000008001cb0                HAL_ADC_ConfigChannel
 .text.ADC_Enable
                0x000000000800227c       0xf8 ./Drivers/STM32H7xx_HAL_Driver/Src/stm32h7xx_hal_adc.o
                0x000000000800227c                ADC_Enable
 .text.ADC_ConfigureBoostMode
                0x0000000008002374      0x19c ./Drivers/STM32H7xx_HAL_Driver/Src/stm32h7xx_hal_adc.o
                0x0000000008002374                ADC_ConfigureBoostMode
 .text.LL_ADC_IsEnabled
                0x0000000008002510       0x26 ./Drivers/STM32H7xx_HAL_Driver/Src/stm32h7xx_hal_adc_ex.o
 .text.LL_ADC_REG_IsConversionOngoing
                0x0000000008002536       0x26 ./Drivers/STM32H7xx_HAL_Driver/Src/stm32h7xx_hal_adc_ex.o
 .text.HAL_ADCEx_MultiModeConfigChannel
                0x000000000800255c      0x138 ./Drivers/STM32H7xx_HAL_Driver/Src/stm32h7xx_hal_adc_ex.o
                0x000000000800255c                HAL_ADCEx_MultiModeConfigChannel
 .text.__NVIC_SetPriorityGrouping
                0x0000000008002694       0x48 ./Drivers/STM32H7xx_HAL_Driver/Src/stm32h7xx_hal_cortex.o
 .text.__NVIC_GetPriorityGrouping
                0x00000000080026dc       0x1c ./Drivers/STM32H7xx_HAL_Driver/Src/stm32h7xx_hal_cortex.o
 .text.__NVIC_SetPriority
                0x00000000080026f8       0x54 ./Drivers/STM32H7xx_HAL_Driver/Src/stm32h7xx_hal_cortex.o
 .text.NVIC_EncodePriority
                0x000000000800274c       0x66 ./Drivers/STM32H7xx_HAL_Driver/Src/stm32h7xx_hal_cortex.o
 *fill*         0x00000000080027b2        0x2 
 .text.SysTick_Config
                0x00000000080027b4       0x44 ./Drivers/STM32H7xx_HAL_Driver/Src/stm32h7xx_hal_cortex.o
 .text.HAL_NVIC_SetPriorityGrouping
                0x00000000080027f8       0x16 ./Drivers/STM32H7xx_HAL_Driver/Src/stm32h7xx_hal_cortex.o
                0x00000000080027f8                HAL_NVIC_SetPriorityGrouping
 .text.HAL_NVIC_SetPriority
                0x000000000800280e       0x34 ./Drivers/STM32H7xx_HAL_Driver/Src/stm32h7xx_hal_cortex.o
                0x000000000800280e                HAL_NVIC_SetPriority
 .text.HAL_SYSTICK_Config
                0x0000000008002842       0x18 ./Drivers/STM32H7xx_HAL_Driver/Src/stm32h7xx_hal_cortex.o
                0x0000000008002842                HAL_SYSTICK_Config
 *fill*         0x000000000800285a        0x2 
 .text.HAL_GPIO_Init
                0x000000000800285c      0x360 ./Drivers/STM32H7xx_HAL_Driver/Src/stm32h7xx_hal_gpio.o
                0x000000000800285c                HAL_GPIO_Init
 .text.HAL_GPIO_WritePin
                0x0000000008002bbc       0x32 ./Drivers/STM32H7xx_HAL_Driver/Src/stm32h7xx_hal_gpio.o
                0x0000000008002bbc                HAL_GPIO_WritePin
 *fill*         0x0000000008002bee        0x2 
 .text.HAL_PWREx_ConfigSupply
                0x0000000008002bf0       0xb4 ./Drivers/STM32H7xx_HAL_Driver/Src/stm32h7xx_hal_pwr_ex.o
                0x0000000008002bf0                HAL_PWREx_ConfigSupply
 .text.HAL_RCC_OscConfig
                0x0000000008002ca4      0x864 ./Drivers/STM32H7xx_HAL_Driver/Src/stm32h7xx_hal_rcc.o
                0x0000000008002ca4                HAL_RCC_OscConfig
 .text.HAL_RCC_ClockConfig
                0x0000000008003508      0x36c ./Drivers/STM32H7xx_HAL_Driver/Src/stm32h7xx_hal_rcc.o
                0x0000000008003508                HAL_RCC_ClockConfig
 .text.HAL_RCC_GetSysClockFreq
                0x0000000008003874      0x2f4 ./Drivers/STM32H7xx_HAL_Driver/Src/stm32h7xx_hal_rcc.o
                0x0000000008003874                HAL_RCC_GetSysClockFreq
 .text.HAL_RCC_GetHCLKFreq
                0x0000000008003b68       0x60 ./Drivers/STM32H7xx_HAL_Driver/Src/stm32h7xx_hal_rcc.o
                0x0000000008003b68                HAL_RCC_GetHCLKFreq
 .text.HAL_RCC_GetPCLK1Freq
                0x0000000008003bc8       0x2c ./Drivers/STM32H7xx_HAL_Driver/Src/stm32h7xx_hal_rcc.o
                0x0000000008003bc8                HAL_RCC_GetPCLK1Freq
 .text.HAL_RCC_GetPCLK2Freq
                0x0000000008003bf4       0x2c ./Drivers/STM32H7xx_HAL_Driver/Src/stm32h7xx_hal_rcc.o
                0x0000000008003bf4                HAL_RCC_GetPCLK2Freq
 .text.HAL_RCCEx_PeriphCLKConfig
                0x0000000008003c20     0x137c ./Drivers/STM32H7xx_HAL_Driver/Src/stm32h7xx_hal_rcc_ex.o
                0x0000000008003c20                HAL_RCCEx_PeriphCLKConfig
 .text.HAL_RCCEx_GetPeriphCLKFreq
                0x0000000008004f9c      0x9b0 ./Drivers/STM32H7xx_HAL_Driver/Src/stm32h7xx_hal_rcc_ex.o
                0x0000000008004f9c                HAL_RCCEx_GetPeriphCLKFreq
 .text.HAL_RCCEx_GetD3PCLK1Freq
                0x000000000800594c       0x2c ./Drivers/STM32H7xx_HAL_Driver/Src/stm32h7xx_hal_rcc_ex.o
                0x000000000800594c                HAL_RCCEx_GetD3PCLK1Freq
 .text.HAL_RCCEx_GetPLL2ClockFreq
                0x0000000008005978      0x2a8 ./Drivers/STM32H7xx_HAL_Driver/Src/stm32h7xx_hal_rcc_ex.o
                0x0000000008005978                HAL_RCCEx_GetPLL2ClockFreq
 .text.HAL_RCCEx_GetPLL3ClockFreq
                0x0000000008005c20      0x2a8 ./Drivers/STM32H7xx_HAL_Driver/Src/stm32h7xx_hal_rcc_ex.o
                0x0000000008005c20                HAL_RCCEx_GetPLL3ClockFreq
 .text.HAL_RCCEx_GetPLL1ClockFreq
                0x0000000008005ec8      0x2a4 ./Drivers/STM32H7xx_HAL_Driver/Src/stm32h7xx_hal_rcc_ex.o
                0x0000000008005ec8                HAL_RCCEx_GetPLL1ClockFreq
 .text.RCCEx_PLL2_Config
                0x000000000800616c      0x164 ./Drivers/STM32H7xx_HAL_Driver/Src/stm32h7xx_hal_rcc_ex.o
 .text.RCCEx_PLL3_Config
                0x00000000080062d0      0x164 ./Drivers/STM32H7xx_HAL_Driver/Src/stm32h7xx_hal_rcc_ex.o
 .text.HAL_UART_Init
                0x0000000008006434       0xa0 ./Drivers/STM32H7xx_HAL_Driver/Src/stm32h7xx_hal_uart.o
                0x0000000008006434                HAL_UART_Init
 .text.UART_SetConfig
                0x00000000080064d4      0xcd8 ./Drivers/STM32H7xx_HAL_Driver/Src/stm32h7xx_hal_uart.o
                0x00000000080064d4                UART_SetConfig
 .text.UART_AdvFeatureConfig
                0x00000000080071ac      0x144 ./Drivers/STM32H7xx_HAL_Driver/Src/stm32h7xx_hal_uart.o
                0x00000000080071ac                UART_AdvFeatureConfig
 .text.UART_CheckIdleState
                0x00000000080072f0      0x154 ./Drivers/STM32H7xx_HAL_Driver/Src/stm32h7xx_hal_uart.o
                0x00000000080072f0                UART_CheckIdleState
 .text.UART_WaitOnFlagUntilTimeout
                0x0000000008007444       0xce ./Drivers/STM32H7xx_HAL_Driver/Src/stm32h7xx_hal_uart.o
                0x0000000008007444                UART_WaitOnFlagUntilTimeout
 *fill*         0x0000000008007512        0x2 
 .text.UART_EndRxTransfer
                0x0000000008007514       0xcc ./Drivers/STM32H7xx_HAL_Driver/Src/stm32h7xx_hal_uart.o
 .text.HAL_UARTEx_DisableFifoMode
                0x00000000080075e0       0x72 ./Drivers/STM32H7xx_HAL_Driver/Src/stm32h7xx_hal_uart_ex.o
                0x00000000080075e0                HAL_UARTEx_DisableFifoMode
 .text.HAL_UARTEx_SetTxFifoThreshold
                0x0000000008007652       0x7c ./Drivers/STM32H7xx_HAL_Driver/Src/stm32h7xx_hal_uart_ex.o
                0x0000000008007652                HAL_UARTEx_SetTxFifoThreshold
 .text.HAL_UARTEx_SetRxFifoThreshold
                0x00000000080076ce       0x7c ./Drivers/STM32H7xx_HAL_Driver/Src/stm32h7xx_hal_uart_ex.o
                0x00000000080076ce                HAL_UARTEx_SetRxFifoThreshold
 *fill*         0x000000000800774a        0x2 
 .text.UARTEx_SetNbDataToProcess
                0x000000000800774c       0x9c ./Drivers/STM32H7xx_HAL_Driver/Src/stm32h7xx_hal_uart_ex.o
 .text.sprintf  0x00000000080077e8       0x40 C:/ST/STM32CubeIDE_1.13.2/STM32CubeIDE/plugins/com.st.stm32cube.ide.mcu.externaltools.gnu-tools-for-stm32.11.3.rel1.win32_1.1.1.202309131626/tools/bin/../lib/gcc/arm-none-eabi/11.3.1/../../../../arm-none-eabi/lib/thumb/v7e-m+dp/hard\libc_nano.a(libc_a-sprintf.o)
                0x00000000080077e8                siprintf
                0x00000000080077e8                sprintf
 .text.memset   0x0000000008007828       0x10 C:/ST/STM32CubeIDE_1.13.2/STM32CubeIDE/plugins/com.st.stm32cube.ide.mcu.externaltools.gnu-tools-for-stm32.11.3.rel1.win32_1.1.1.202309131626/tools/bin/../lib/gcc/arm-none-eabi/11.3.1/../../../../arm-none-eabi/lib/thumb/v7e-m+dp/hard\libc_nano.a(libc_a-memset.o)
                0x0000000008007828                memset
 .text.__errno  0x0000000008007838        0xc C:/ST/STM32CubeIDE_1.13.2/STM32CubeIDE/plugins/com.st.stm32cube.ide.mcu.externaltools.gnu-tools-for-stm32.11.3.rel1.win32_1.1.1.202309131626/tools/bin/../lib/gcc/arm-none-eabi/11.3.1/../../../../arm-none-eabi/lib/thumb/v7e-m+dp/hard\libc_nano.a(libc_a-errno.o)
                0x0000000008007838                __errno
 .text.__libc_init_array
                0x0000000008007844       0x48 C:/ST/STM32CubeIDE_1.13.2/STM32CubeIDE/plugins/com.st.stm32cube.ide.mcu.externaltools.gnu-tools-for-stm32.11.3.rel1.win32_1.1.1.202309131626/tools/bin/../lib/gcc/arm-none-eabi/11.3.1/../../../../arm-none-eabi/lib/thumb/v7e-m+dp/hard\libc_nano.a(libc_a-init.o)
                0x0000000008007844                __libc_init_array
 .text.__retarget_lock_acquire_recursive
                0x000000000800788c        0x2 C:/ST/STM32CubeIDE_1.13.2/STM32CubeIDE/plugins/com.st.stm32cube.ide.mcu.externaltools.gnu-tools-for-stm32.11.3.rel1.win32_1.1.1.202309131626/tools/bin/../lib/gcc/arm-none-eabi/11.3.1/../../../../arm-none-eabi/lib/thumb/v7e-m+dp/hard\libc_nano.a(libc_a-lock.o)
                0x000000000800788c                __retarget_lock_acquire_recursive
 .text.__retarget_lock_release_recursive
                0x000000000800788e        0x2 C:/ST/STM32CubeIDE_1.13.2/STM32CubeIDE/plugins/com.st.stm32cube.ide.mcu.externaltools.gnu-tools-for-stm32.11.3.rel1.win32_1.1.1.202309131626/tools/bin/../lib/gcc/arm-none-eabi/11.3.1/../../../../arm-none-eabi/lib/thumb/v7e-m+dp/hard\libc_nano.a(libc_a-lock.o)
                0x000000000800788e                __retarget_lock_release_recursive
 .text._free_r  0x0000000008007890       0x98 C:/ST/STM32CubeIDE_1.13.2/STM32CubeIDE/plugins/com.st.stm32cube.ide.mcu.externaltools.gnu-tools-for-stm32.11.3.rel1.win32_1.1.1.202309131626/tools/bin/../lib/gcc/arm-none-eabi/11.3.1/../../../../arm-none-eabi/lib/thumb/v7e-m+dp/hard\libc_nano.a(libc_a-freer.o)
                0x0000000008007890                _free_r
 .text.sbrk_aligned
                0x0000000008007928       0x40 C:/ST/STM32CubeIDE_1.13.2/STM32CubeIDE/plugins/com.st.stm32cube.ide.mcu.externaltools.gnu-tools-for-stm32.11.3.rel1.win32_1.1.1.202309131626/tools/bin/../lib/gcc/arm-none-eabi/11.3.1/../../../../arm-none-eabi/lib/thumb/v7e-m+dp/hard\libc_nano.a(libc_a-mallocr.o)
 .text._malloc_r
                0x0000000008007968      0x100 C:/ST/STM32CubeIDE_1.13.2/STM32CubeIDE/plugins/com.st.stm32cube.ide.mcu.externaltools.gnu-tools-for-stm32.11.3.rel1.win32_1.1.1.202309131626/tools/bin/../lib/gcc/arm-none-eabi/11.3.1/../../../../arm-none-eabi/lib/thumb/v7e-m+dp/hard\libc_nano.a(libc_a-mallocr.o)
                0x0000000008007968                _malloc_r
 .text.__malloc_lock
                0x0000000008007a68        0xc C:/ST/STM32CubeIDE_1.13.2/STM32CubeIDE/plugins/com.st.stm32cube.ide.mcu.externaltools.gnu-tools-for-stm32.11.3.rel1.win32_1.1.1.202309131626/tools/bin/../lib/gcc/arm-none-eabi/11.3.1/../../../../arm-none-eabi/lib/thumb/v7e-m+dp/hard\libc_nano.a(libc_a-mlock.o)
                0x0000000008007a68                __malloc_lock
 .text.__malloc_unlock
                0x0000000008007a74        0xc C:/ST/STM32CubeIDE_1.13.2/STM32CubeIDE/plugins/com.st.stm32cube.ide.mcu.externaltools.gnu-tools-for-stm32.11.3.rel1.win32_1.1.1.202309131626/tools/bin/../lib/gcc/arm-none-eabi/11.3.1/../../../../arm-none-eabi/lib/thumb/v7e-m+dp/hard\libc_nano.a(libc_a-mlock.o)
                0x0000000008007a74                __malloc_unlock
 .text.__ssputs_r
                0x0000000008007a80       0xb4 C:/ST/STM32CubeIDE_1.13.2/STM32CubeIDE/plugins/com.st.stm32cube.ide.mcu.externaltools.gnu-tools-for-stm32.11.3.rel1.win32_1.1.1.202309131626/tools/bin/../lib/gcc/arm-none-eabi/11.3.1/../../../../arm-none-eabi/lib/thumb/v7e-m+dp/hard\libc_nano.a(libc_a-nano-svfprintf.o)
                0x0000000008007a80                __ssputs_r
 .text._svfprintf_r
                0x0000000008007b34      0x1fc C:/ST/STM32CubeIDE_1.13.2/STM32CubeIDE/plugins/com.st.stm32cube.ide.mcu.externaltools.gnu-tools-for-stm32.11.3.rel1.win32_1.1.1.202309131626/tools/bin/../lib/gcc/arm-none-eabi/11.3.1/../../../../arm-none-eabi/lib/thumb/v7e-m+dp/hard\libc_nano.a(libc_a-nano-svfprintf.o)
                0x0000000008007b34                _svfiprintf_r
                0x0000000008007b34                _svfprintf_r
 .text._printf_common
                0x0000000008007d30       0xda C:/ST/STM32CubeIDE_1.13.2/STM32CubeIDE/plugins/com.st.stm32cube.ide.mcu.externaltools.gnu-tools-for-stm32.11.3.rel1.win32_1.1.1.202309131626/tools/bin/../lib/gcc/arm-none-eabi/11.3.1/../../../../arm-none-eabi/lib/thumb/v7e-m+dp/hard\libc_nano.a(libc_a-nano-vfprintf_i.o)
                0x0000000008007d30                _printf_common
 *fill*         0x0000000008007e0a        0x2 
 .text._printf_i
                0x0000000008007e0c      0x244 C:/ST/STM32CubeIDE_1.13.2/STM32CubeIDE/plugins/com.st.stm32cube.ide.mcu.externaltools.gnu-tools-for-stm32.11.3.rel1.win32_1.1.1.202309131626/tools/bin/../lib/gcc/arm-none-eabi/11.3.1/../../../../arm-none-eabi/lib/thumb/v7e-m+dp/hard\libc_nano.a(libc_a-nano-vfprintf_i.o)
                0x0000000008007e0c                _printf_i
 .text.memmove  0x0000000008008050       0x34 C:/ST/STM32CubeIDE_1.13.2/STM32CubeIDE/plugins/com.st.stm32cube.ide.mcu.externaltools.gnu-tools-for-stm32.11.3.rel1.win32_1.1.1.202309131626/tools/bin/../lib/gcc/arm-none-eabi/11.3.1/../../../../arm-none-eabi/lib/thumb/v7e-m+dp/hard\libc_nano.a(libc_a-memmove.o)
                0x0000000008008050                memmove
 .text._sbrk_r  0x0000000008008084       0x20 C:/ST/STM32CubeIDE_1.13.2/STM32CubeIDE/plugins/com.st.stm32cube.ide.mcu.externaltools.gnu-tools-for-stm32.11.3.rel1.win32_1.1.1.202309131626/tools/bin/../lib/gcc/arm-none-eabi/11.3.1/../../../../arm-none-eabi/lib/thumb/v7e-m+dp/hard\libc_nano.a(libc_a-sbrkr.o)
                0x0000000008008084                _sbrk_r
 .text.memcpy   0x00000000080080a4       0x1c C:/ST/STM32CubeIDE_1.13.2/STM32CubeIDE/plugins/com.st.stm32cube.ide.mcu.externaltools.gnu-tools-for-stm32.11.3.rel1.win32_1.1.1.202309131626/tools/bin/../lib/gcc/arm-none-eabi/11.3.1/../../../../arm-none-eabi/lib/thumb/v7e-m+dp/hard\libc_nano.a(libc_a-memcpy-stub.o)
                0x00000000080080a4                memcpy
 .text._realloc_r
                0x00000000080080c0       0x5e C:/ST/STM32CubeIDE_1.13.2/STM32CubeIDE/plugins/com.st.stm32cube.ide.mcu.externaltools.gnu-tools-for-stm32.11.3.rel1.win32_1.1.1.202309131626/tools/bin/../lib/gcc/arm-none-eabi/11.3.1/../../../../arm-none-eabi/lib/thumb/v7e-m+dp/hard\libc_nano.a(libc_a-reallocr.o)
                0x00000000080080c0                _realloc_r
 .text._malloc_usable_size_r
                0x000000000800811e       0x10 C:/ST/STM32CubeIDE_1.13.2/STM32CubeIDE/plugins/com.st.stm32cube.ide.mcu.externaltools.gnu-tools-for-stm32.11.3.rel1.win32_1.1.1.202309131626/tools/bin/../lib/gcc/arm-none-eabi/11.3.1/../../../../arm-none-eabi/lib/thumb/v7e-m+dp/hard\libc_nano.a(libc_a-msizer.o)
                0x000000000800811e                _malloc_usable_size_r
 *(.glue_7)
 .glue_7        0x000000000800812e        0x0 linker stubs
 *(.glue_7t)
 .glue_7t       0x000000000800812e        0x0 linker stubs
 *(.eh_frame)
 *fill*         0x000000000800812e        0x2 
 .eh_frame      0x0000000008008130        0x0 C:/ST/STM32CubeIDE_1.13.2/STM32CubeIDE/plugins/com.st.stm32cube.ide.mcu.externaltools.gnu-tools-for-stm32.11.3.rel1.win32_1.1.1.202309131626/tools/bin/../lib/gcc/arm-none-eabi/11.3.1/thumb/v7e-m+dp/hard/crtbegin.o
 *(.init)
 .init          0x0000000008008130        0x4 C:/ST/STM32CubeIDE_1.13.2/STM32CubeIDE/plugins/com.st.stm32cube.ide.mcu.externaltools.gnu-tools-for-stm32.11.3.rel1.win32_1.1.1.202309131626/tools/bin/../lib/gcc/arm-none-eabi/11.3.1/thumb/v7e-m+dp/hard/crti.o
                0x0000000008008130                _init
 .init          0x0000000008008134        0x8 C:/ST/STM32CubeIDE_1.13.2/STM32CubeIDE/plugins/com.st.stm32cube.ide.mcu.externaltools.gnu-tools-for-stm32.11.3.rel1.win32_1.1.1.202309131626/tools/bin/../lib/gcc/arm-none-eabi/11.3.1/thumb/v7e-m+dp/hard/crtn.o
 *(.fini)
 .fini          0x000000000800813c        0x4 C:/ST/STM32CubeIDE_1.13.2/STM32CubeIDE/plugins/com.st.stm32cube.ide.mcu.externaltools.gnu-tools-for-stm32.11.3.rel1.win32_1.1.1.202309131626/tools/bin/../lib/gcc/arm-none-eabi/11.3.1/thumb/v7e-m+dp/hard/crti.o
                0x000000000800813c                _fini
 .fini          0x0000000008008140        0x8 C:/ST/STM32CubeIDE_1.13.2/STM32CubeIDE/plugins/com.st.stm32cube.ide.mcu.externaltools.gnu-tools-for-stm32.11.3.rel1.win32_1.1.1.202309131626/tools/bin/../lib/gcc/arm-none-eabi/11.3.1/thumb/v7e-m+dp/hard/crtn.o
                0x0000000008008148                . = ALIGN (0x4)
                0x0000000008008148                _etext = .

.vfp11_veneer   0x0000000008008148        0x0
 .vfp11_veneer  0x0000000008008148        0x0 linker stubs

.v4_bx          0x0000000008008148        0x0
 .v4_bx         0x0000000008008148        0x0 linker stubs

.iplt           0x0000000008008148        0x0
 .iplt          0x0000000008008148        0x0 C:/ST/STM32CubeIDE_1.13.2/STM32CubeIDE/plugins/com.st.stm32cube.ide.mcu.externaltools.gnu-tools-for-stm32.11.3.rel1.win32_1.1.1.202309131626/tools/bin/../lib/gcc/arm-none-eabi/11.3.1/thumb/v7e-m+dp/hard/crtbegin.o

.rodata         0x0000000008008148       0x74
                0x0000000008008148                . = ALIGN (0x4)
 *(.rodata)
 .rodata        0x0000000008008148        0x6 ./Core/Src/main.o
 *(.rodata*)
 *fill*         0x000000000800814e        0x2 
 .rodata.D1CorePrescTable
                0x0000000008008150       0x10 ./Core/Src/system_stm32h7xx.o
                0x0000000008008150                D1CorePrescTable
 .rodata.UARTPrescTable
                0x0000000008008160       0x18 ./Drivers/STM32H7xx_HAL_Driver/Src/stm32h7xx_hal_uart.o
                0x0000000008008160                UARTPrescTable
 .rodata.numerator.1
                0x0000000008008178        0x8 ./Drivers/STM32H7xx_HAL_Driver/Src/stm32h7xx_hal_uart_ex.o
 .rodata.denominator.0
                0x0000000008008180        0x8 ./Drivers/STM32H7xx_HAL_Driver/Src/stm32h7xx_hal_uart_ex.o
 .rodata._svfprintf_r.str1.1
                0x0000000008008188       0x11 C:/ST/STM32CubeIDE_1.13.2/STM32CubeIDE/plugins/com.st.stm32cube.ide.mcu.externaltools.gnu-tools-for-stm32.11.3.rel1.win32_1.1.1.202309131626/tools/bin/../lib/gcc/arm-none-eabi/11.3.1/../../../../arm-none-eabi/lib/thumb/v7e-m+dp/hard\libc_nano.a(libc_a-nano-svfprintf.o)
 .rodata._printf_i.str1.1
                0x0000000008008199       0x22 C:/ST/STM32CubeIDE_1.13.2/STM32CubeIDE/plugins/com.st.stm32cube.ide.mcu.externaltools.gnu-tools-for-stm32.11.3.rel1.win32_1.1.1.202309131626/tools/bin/../lib/gcc/arm-none-eabi/11.3.1/../../../../arm-none-eabi/lib/thumb/v7e-m+dp/hard\libc_nano.a(libc_a-nano-vfprintf_i.o)
                0x00000000080081bc                . = ALIGN (0x4)
 *fill*         0x00000000080081bb        0x1 

.ARM.extab
 *(.ARM.extab* .gnu.linkonce.armextab.*)

.ARM            0x00000000080081bc        0x8
                0x00000000080081bc                __exidx_start = .
 *(.ARM.exidx*)
 .ARM.exidx     0x00000000080081bc        0x8 C:/ST/STM32CubeIDE_1.13.2/STM32CubeIDE/plugins/com.st.stm32cube.ide.mcu.externaltools.gnu-tools-for-stm32.11.3.rel1.win32_1.1.1.202309131626/tools/bin/../lib/gcc/arm-none-eabi/11.3.1/thumb/v7e-m+dp/hard\libgcc.a(_udivmoddi4.o)
                0x00000000080081c4                __exidx_end = .

.rel.dyn        0x00000000080081c4        0x0
 .rel.iplt      0x00000000080081c4        0x0 C:/ST/STM32CubeIDE_1.13.2/STM32CubeIDE/plugins/com.st.stm32cube.ide.mcu.externaltools.gnu-tools-for-stm32.11.3.rel1.win32_1.1.1.202309131626/tools/bin/../lib/gcc/arm-none-eabi/11.3.1/thumb/v7e-m+dp/hard/crtbegin.o

.preinit_array  0x00000000080081c4        0x0
                0x00000000080081c4                PROVIDE (__preinit_array_start = .)
 *(.preinit_array*)
                0x00000000080081c4                PROVIDE (__preinit_array_end = .)

.init_array     0x00000000080081c4        0x4
                0x00000000080081c4                PROVIDE (__init_array_start = .)
 *(SORT_BY_NAME(.init_array.*))
 *(.init_array*)
 .init_array    0x00000000080081c4        0x4 C:/ST/STM32CubeIDE_1.13.2/STM32CubeIDE/plugins/com.st.stm32cube.ide.mcu.externaltools.gnu-tools-for-stm32.11.3.rel1.win32_1.1.1.202309131626/tools/bin/../lib/gcc/arm-none-eabi/11.3.1/thumb/v7e-m+dp/hard/crtbegin.o
                0x00000000080081c8                PROVIDE (__init_array_end = .)

.fini_array     0x00000000080081c8        0x4
                [!provide]                        PROVIDE (__fini_array_start = .)
 *(SORT_BY_NAME(.fini_array.*))
 *(.fini_array*)
 .fini_array    0x00000000080081c8        0x4 C:/ST/STM32CubeIDE_1.13.2/STM32CubeIDE/plugins/com.st.stm32cube.ide.mcu.externaltools.gnu-tools-for-stm32.11.3.rel1.win32_1.1.1.202309131626/tools/bin/../lib/gcc/arm-none-eabi/11.3.1/thumb/v7e-m+dp/hard/crtbegin.o
                [!provide]                        PROVIDE (__fini_array_end = .)
                0x00000000080081cc                _sidata = LOADADDR (.data)

.data           0x0000000024000000       0x60 load address 0x00000000080081cc
                0x0000000024000000                . = ALIGN (0x4)
                0x0000000024000000                _sdata = .
 *(.data)
 *(.data*)
 .data.SystemCoreClock
                0x0000000024000000        0x4 ./Core/Src/system_stm32h7xx.o
                0x0000000024000000                SystemCoreClock
 .data.SystemD2Clock
                0x0000000024000004        0x4 ./Core/Src/system_stm32h7xx.o
                0x0000000024000004                SystemD2Clock
 .data.uwTickPrio
                0x0000000024000008        0x4 ./Drivers/STM32H7xx_HAL_Driver/Src/stm32h7xx_hal.o
                0x0000000024000008                uwTickPrio
 .data.uwTickFreq
                0x000000002400000c        0x1 ./Drivers/STM32H7xx_HAL_Driver/Src/stm32h7xx_hal.o
                0x000000002400000c                uwTickFreq
 *fill*         0x000000002400000d        0x3 
 .data._impure_data
                0x0000000024000010       0x4c C:/ST/STM32CubeIDE_1.13.2/STM32CubeIDE/plugins/com.st.stm32cube.ide.mcu.externaltools.gnu-tools-for-stm32.11.3.rel1.win32_1.1.1.202309131626/tools/bin/../lib/gcc/arm-none-eabi/11.3.1/../../../../arm-none-eabi/lib/thumb/v7e-m+dp/hard\libc_nano.a(libc_a-impure.o)
                0x0000000024000010                _impure_data
 .data._impure_ptr
                0x000000002400005c        0x4 C:/ST/STM32CubeIDE_1.13.2/STM32CubeIDE/plugins/com.st.stm32cube.ide.mcu.externaltools.gnu-tools-for-stm32.11.3.rel1.win32_1.1.1.202309131626/tools/bin/../lib/gcc/arm-none-eabi/11.3.1/../../../../arm-none-eabi/lib/thumb/v7e-m+dp/hard\libc_nano.a(libc_a-impure.o)
                0x000000002400005c                _impure_ptr
 *(.RamFunc)
 *(.RamFunc*)
                0x0000000024000060                . = ALIGN (0x4)
                0x0000000024000060                _edata = .

.igot.plt       0x0000000024000060        0x0 load address 0x000000000800822c
 .igot.plt      0x0000000024000060        0x0 C:/ST/STM32CubeIDE_1.13.2/STM32CubeIDE/plugins/com.st.stm32cube.ide.mcu.externaltools.gnu-tools-for-stm32.11.3.rel1.win32_1.1.1.202309131626/tools/bin/../lib/gcc/arm-none-eabi/11.3.1/thumb/v7e-m+dp/hard/crtbegin.o
                0x0000000024000060                . = ALIGN (0x4)

.bss            0x0000000024000060      0x2cc load address 0x000000000800822c
                0x0000000024000060                _sbss = .
                0x0000000024000060                __bss_start__ = _sbss
 *(.bss)
 .bss           0x0000000024000060       0x1c C:/ST/STM32CubeIDE_1.13.2/STM32CubeIDE/plugins/com.st.stm32cube.ide.mcu.externaltools.gnu-tools-for-stm32.11.3.rel1.win32_1.1.1.202309131626/tools/bin/../lib/gcc/arm-none-eabi/11.3.1/thumb/v7e-m+dp/hard/crtbegin.o
 *(.bss*)
 .bss.hadc1     0x000000002400007c       0x64 ./Core/Src/main.o
                0x000000002400007c                hadc1
 .bss.hadc2     0x00000000240000e0       0x64 ./Core/Src/main.o
                0x00000000240000e0                hadc2
 .bss.huart3    0x0000000024000144       0x94 ./Core/Src/main.o
                0x0000000024000144                huart3
 .bss.HAL_RCC_ADC12_CLK_ENABLED
                0x00000000240001d8        0x4 ./Core/Src/stm32h7xx_hal_msp.o
 .bss.__sbrk_heap_end
                0x00000000240001dc        0x4 ./Core/Src/sysmem.o
 .bss.uwTick    0x00000000240001e0        0x4 ./Drivers/STM32H7xx_HAL_Driver/Src/stm32h7xx_hal.o
                0x00000000240001e0                uwTick
 .bss.__sf      0x00000000240001e4      0x138 C:/ST/STM32CubeIDE_1.13.2/STM32CubeIDE/plugins/com.st.stm32cube.ide.mcu.externaltools.gnu-tools-for-stm32.11.3.rel1.win32_1.1.1.202309131626/tools/bin/../lib/gcc/arm-none-eabi/11.3.1/../../../../arm-none-eabi/lib/thumb/v7e-m+dp/hard\libc_nano.a(libc_a-findfp.o)
                0x00000000240001e4                __sf
 .bss.errno     0x000000002400031c        0x4 C:/ST/STM32CubeIDE_1.13.2/STM32CubeIDE/plugins/com.st.stm32cube.ide.mcu.externaltools.gnu-tools-for-stm32.11.3.rel1.win32_1.1.1.202309131626/tools/bin/../lib/gcc/arm-none-eabi/11.3.1/../../../../arm-none-eabi/lib/thumb/v7e-m+dp/hard\libc_nano.a(libc_a-reent.o)
                0x000000002400031c                errno
 .bss.__lock___malloc_recursive_mutex
                0x0000000024000320        0x1 C:/ST/STM32CubeIDE_1.13.2/STM32CubeIDE/plugins/com.st.stm32cube.ide.mcu.externaltools.gnu-tools-for-stm32.11.3.rel1.win32_1.1.1.202309131626/tools/bin/../lib/gcc/arm-none-eabi/11.3.1/../../../../arm-none-eabi/lib/thumb/v7e-m+dp/hard\libc_nano.a(libc_a-lock.o)
                0x0000000024000320                __lock___malloc_recursive_mutex
 *fill*         0x0000000024000321        0x3 
 .bss.__malloc_free_list
                0x0000000024000324        0x4 C:/ST/STM32CubeIDE_1.13.2/STM32CubeIDE/plugins/com.st.stm32cube.ide.mcu.externaltools.gnu-tools-for-stm32.11.3.rel1.win32_1.1.1.202309131626/tools/bin/../lib/gcc/arm-none-eabi/11.3.1/../../../../arm-none-eabi/lib/thumb/v7e-m+dp/hard\libc_nano.a(libc_a-mallocr.o)
                0x0000000024000324                __malloc_free_list
 .bss.__malloc_sbrk_start
                0x0000000024000328        0x4 C:/ST/STM32CubeIDE_1.13.2/STM32CubeIDE/plugins/com.st.stm32cube.ide.mcu.externaltools.gnu-tools-for-stm32.11.3.rel1.win32_1.1.1.202309131626/tools/bin/../lib/gcc/arm-none-eabi/11.3.1/../../../../arm-none-eabi/lib/thumb/v7e-m+dp/hard\libc_nano.a(libc_a-mallocr.o)
                0x0000000024000328                __malloc_sbrk_start
 *(COMMON)
                0x000000002400032c                . = ALIGN (0x4)
                0x000000002400032c                _ebss = .
                0x000000002400032c                __bss_end__ = _ebss

._user_heap_stack
                0x000000002400032c      0x604 load address 0x000000000800822c
                0x0000000024000330                . = ALIGN (0x8)
 *fill*         0x000000002400032c        0x4 
                [!provide]                        PROVIDE (end = .)
                0x0000000024000330                PROVIDE (_end = .)
                0x0000000024000530                . = (. + _Min_Heap_Size)
 *fill*         0x0000000024000330      0x200 
                0x0000000024000930                . = (. + _Min_Stack_Size)
 *fill*         0x0000000024000530      0x400 
                0x0000000024000930                . = ALIGN (0x8)

/DISCARD/
 libc.a(*)
 libm.a(*)
 libgcc.a(*)

.ARM.attributes
                0x0000000000000000       0x2e
 *(.ARM.attributes)
 .ARM.attributes
                0x0000000000000000       0x1e C:/ST/STM32CubeIDE_1.13.2/STM32CubeIDE/plugins/com.st.stm32cube.ide.mcu.externaltools.gnu-tools-for-stm32.11.3.rel1.win32_1.1.1.202309131626/tools/bin/../lib/gcc/arm-none-eabi/11.3.1/thumb/v7e-m+dp/hard/crti.o
 .ARM.attributes
                0x000000000000001e       0x32 C:/ST/STM32CubeIDE_1.13.2/STM32CubeIDE/plugins/com.st.stm32cube.ide.mcu.externaltools.gnu-tools-for-stm32.11.3.rel1.win32_1.1.1.202309131626/tools/bin/../lib/gcc/arm-none-eabi/11.3.1/thumb/v7e-m+dp/hard/crtbegin.o
 .ARM.attributes
                0x0000000000000050       0x32 ./Core/Src/main.o
 .ARM.attributes
                0x0000000000000082       0x32 ./Core/Src/stm32h7xx_hal_msp.o
 .ARM.attributes
                0x00000000000000b4       0x32 ./Core/Src/stm32h7xx_it.o
 .ARM.attributes
                0x00000000000000e6       0x32 ./Core/Src/sysmem.o
 .ARM.attributes
                0x0000000000000118       0x32 ./Core/Src/system_stm32h7xx.o
 .ARM.attributes
                0x000000000000014a       0x21 ./Core/Startup/startup_stm32h7a3zitxq.o
 .ARM.attributes
                0x000000000000016b       0x32 ./Drivers/STM32H7xx_HAL_Driver/Src/stm32h7xx_hal.o
 .ARM.attributes
                0x000000000000019d       0x32 ./Drivers/STM32H7xx_HAL_Driver/Src/stm32h7xx_hal_adc.o
 .ARM.attributes
                0x00000000000001cf       0x32 ./Drivers/STM32H7xx_HAL_Driver/Src/stm32h7xx_hal_adc_ex.o
 .ARM.attributes
                0x0000000000000201       0x32 ./Drivers/STM32H7xx_HAL_Driver/Src/stm32h7xx_hal_cortex.o
 .ARM.attributes
                0x0000000000000233       0x32 ./Drivers/STM32H7xx_HAL_Driver/Src/stm32h7xx_hal_gpio.o
 .ARM.attributes
                0x0000000000000265       0x32 ./Drivers/STM32H7xx_HAL_Driver/Src/stm32h7xx_hal_pwr_ex.o
 .ARM.attributes
                0x0000000000000297       0x32 ./Drivers/STM32H7xx_HAL_Driver/Src/stm32h7xx_hal_rcc.o
 .ARM.attributes
                0x00000000000002c9       0x32 ./Drivers/STM32H7xx_HAL_Driver/Src/stm32h7xx_hal_rcc_ex.o
 .ARM.attributes
                0x00000000000002fb       0x32 ./Drivers/STM32H7xx_HAL_Driver/Src/stm32h7xx_hal_uart.o
 .ARM.attributes
                0x000000000000032d       0x32 ./Drivers/STM32H7xx_HAL_Driver/Src/stm32h7xx_hal_uart_ex.o
 .ARM.attributes
                0x000000000000035f       0x32 C:/ST/STM32CubeIDE_1.13.2/STM32CubeIDE/plugins/com.st.stm32cube.ide.mcu.externaltools.gnu-tools-for-stm32.11.3.rel1.win32_1.1.1.202309131626/tools/bin/../lib/gcc/arm-none-eabi/11.3.1/../../../../arm-none-eabi/lib/thumb/v7e-m+dp/hard\libc_nano.a(libc_a-findfp.o)
 .ARM.attributes
                0x0000000000000391       0x32 C:/ST/STM32CubeIDE_1.13.2/STM32CubeIDE/plugins/com.st.stm32cube.ide.mcu.externaltools.gnu-tools-for-stm32.11.3.rel1.win32_1.1.1.202309131626/tools/bin/../lib/gcc/arm-none-eabi/11.3.1/../../../../arm-none-eabi/lib/thumb/v7e-m+dp/hard\libc_nano.a(libc_a-sprintf.o)
 .ARM.attributes
                0x00000000000003c3       0x32 C:/ST/STM32CubeIDE_1.13.2/STM32CubeIDE/plugins/com.st.stm32cube.ide.mcu.externaltools.gnu-tools-for-stm32.11.3.rel1.win32_1.1.1.202309131626/tools/bin/../lib/gcc/arm-none-eabi/11.3.1/../../../../arm-none-eabi/lib/thumb/v7e-m+dp/hard\libc_nano.a(libc_a-memset.o)
 .ARM.attributes
                0x00000000000003f5       0x32 C:/ST/STM32CubeIDE_1.13.2/STM32CubeIDE/plugins/com.st.stm32cube.ide.mcu.externaltools.gnu-tools-for-stm32.11.3.rel1.win32_1.1.1.202309131626/tools/bin/../lib/gcc/arm-none-eabi/11.3.1/../../../../arm-none-eabi/lib/thumb/v7e-m+dp/hard\libc_nano.a(libc_a-reent.o)
 .ARM.attributes
                0x0000000000000427       0x32 C:/ST/STM32CubeIDE_1.13.2/STM32CubeIDE/plugins/com.st.stm32cube.ide.mcu.externaltools.gnu-tools-for-stm32.11.3.rel1.win32_1.1.1.202309131626/tools/bin/../lib/gcc/arm-none-eabi/11.3.1/../../../../arm-none-eabi/lib/thumb/v7e-m+dp/hard\libc_nano.a(libc_a-impure.o)
 .ARM.attributes
                0x0000000000000459       0x32 C:/ST/STM32CubeIDE_1.13.2/STM32CubeIDE/plugins/com.st.stm32cube.ide.mcu.externaltools.gnu-tools-for-stm32.11.3.rel1.win32_1.1.1.202309131626/tools/bin/../lib/gcc/arm-none-eabi/11.3.1/../../../../arm-none-eabi/lib/thumb/v7e-m+dp/hard\libc_nano.a(libc_a-errno.o)
 .ARM.attributes
                0x000000000000048b       0x32 C:/ST/STM32CubeIDE_1.13.2/STM32CubeIDE/plugins/com.st.stm32cube.ide.mcu.externaltools.gnu-tools-for-stm32.11.3.rel1.win32_1.1.1.202309131626/tools/bin/../lib/gcc/arm-none-eabi/11.3.1/../../../../arm-none-eabi/lib/thumb/v7e-m+dp/hard\libc_nano.a(libc_a-init.o)
 .ARM.attributes
                0x00000000000004bd       0x32 C:/ST/STM32CubeIDE_1.13.2/STM32CubeIDE/plugins/com.st.stm32cube.ide.mcu.externaltools.gnu-tools-for-stm32.11.3.rel1.win32_1.1.1.202309131626/tools/bin/../lib/gcc/arm-none-eabi/11.3.1/../../../../arm-none-eabi/lib/thumb/v7e-m+dp/hard\libc_nano.a(libc_a-lock.o)
 .ARM.attributes
                0x00000000000004ef       0x32 C:/ST/STM32CubeIDE_1.13.2/STM32CubeIDE/plugins/com.st.stm32cube.ide.mcu.externaltools.gnu-tools-for-stm32.11.3.rel1.win32_1.1.1.202309131626/tools/bin/../lib/gcc/arm-none-eabi/11.3.1/../../../../arm-none-eabi/lib/thumb/v7e-m+dp/hard\libc_nano.a(libc_a-freer.o)
 .ARM.attributes
                0x0000000000000521       0x32 C:/ST/STM32CubeIDE_1.13.2/STM32CubeIDE/plugins/com.st.stm32cube.ide.mcu.externaltools.gnu-tools-for-stm32.11.3.rel1.win32_1.1.1.202309131626/tools/bin/../lib/gcc/arm-none-eabi/11.3.1/../../../../arm-none-eabi/lib/thumb/v7e-m+dp/hard\libc_nano.a(libc_a-mallocr.o)
 .ARM.attributes
                0x0000000000000553       0x32 C:/ST/STM32CubeIDE_1.13.2/STM32CubeIDE/plugins/com.st.stm32cube.ide.mcu.externaltools.gnu-tools-for-stm32.11.3.rel1.win32_1.1.1.202309131626/tools/bin/../lib/gcc/arm-none-eabi/11.3.1/../../../../arm-none-eabi/lib/thumb/v7e-m+dp/hard\libc_nano.a(libc_a-mlock.o)
 .ARM.attributes
                0x0000000000000585       0x32 C:/ST/STM32CubeIDE_1.13.2/STM32CubeIDE/plugins/com.st.stm32cube.ide.mcu.externaltools.gnu-tools-for-stm32.11.3.rel1.win32_1.1.1.202309131626/tools/bin/../lib/gcc/arm-none-eabi/11.3.1/../../../../arm-none-eabi/lib/thumb/v7e-m+dp/hard\libc_nano.a(libc_a-nano-svfprintf.o)
 .ARM.attributes
                0x00000000000005b7       0x32 C:/ST/STM32CubeIDE_1.13.2/STM32CubeIDE/plugins/com.st.stm32cube.ide.mcu.externaltools.gnu-tools-for-stm32.11.3.rel1.win32_1.1.1.202309131626/tools/bin/../lib/gcc/arm-none-eabi/11.3.1/../../../../arm-none-eabi/lib/thumb/v7e-m+dp/hard\libc_nano.a(libc_a-nano-vfprintf_i.o)
 .ARM.attributes
                0x00000000000005e9       0x32 C:/ST/STM32CubeIDE_1.13.2/STM32CubeIDE/plugins/com.st.stm32cube.ide.mcu.externaltools.gnu-tools-for-stm32.11.3.rel1.win32_1.1.1.202309131626/tools/bin/../lib/gcc/arm-none-eabi/11.3.1/../../../../arm-none-eabi/lib/thumb/v7e-m+dp/hard\libc_nano.a(libc_a-memmove.o)
 .ARM.attributes
                0x000000000000061b       0x32 C:/ST/STM32CubeIDE_1.13.2/STM32CubeIDE/plugins/com.st.stm32cube.ide.mcu.externaltools.gnu-tools-for-stm32.11.3.rel1.win32_1.1.1.202309131626/tools/bin/../lib/gcc/arm-none-eabi/11.3.1/../../../../arm-none-eabi/lib/thumb/v7e-m+dp/hard\libc_nano.a(libc_a-sbrkr.o)
 .ARM.attributes
                0x000000000000064d       0x1c C:/ST/STM32CubeIDE_1.13.2/STM32CubeIDE/plugins/com.st.stm32cube.ide.mcu.externaltools.gnu-tools-for-stm32.11.3.rel1.win32_1.1.1.202309131626/tools/bin/../lib/gcc/arm-none-eabi/11.3.1/../../../../arm-none-eabi/lib/thumb/v7e-m+dp/hard\libc_nano.a(libc_a-memchr.o)
 .ARM.attributes
                0x0000000000000669       0x32 C:/ST/STM32CubeIDE_1.13.2/STM32CubeIDE/plugins/com.st.stm32cube.ide.mcu.externaltools.gnu-tools-for-stm32.11.3.rel1.win32_1.1.1.202309131626/tools/bin/../lib/gcc/arm-none-eabi/11.3.1/../../../../arm-none-eabi/lib/thumb/v7e-m+dp/hard\libc_nano.a(libc_a-memcpy-stub.o)
 .ARM.attributes
                0x000000000000069b       0x32 C:/ST/STM32CubeIDE_1.13.2/STM32CubeIDE/plugins/com.st.stm32cube.ide.mcu.externaltools.gnu-tools-for-stm32.11.3.rel1.win32_1.1.1.202309131626/tools/bin/../lib/gcc/arm-none-eabi/11.3.1/../../../../arm-none-eabi/lib/thumb/v7e-m+dp/hard\libc_nano.a(libc_a-reallocr.o)
 .ARM.attributes
                0x00000000000006cd       0x32 C:/ST/STM32CubeIDE_1.13.2/STM32CubeIDE/plugins/com.st.stm32cube.ide.mcu.externaltools.gnu-tools-for-stm32.11.3.rel1.win32_1.1.1.202309131626/tools/bin/../lib/gcc/arm-none-eabi/11.3.1/../../../../arm-none-eabi/lib/thumb/v7e-m+dp/hard\libc_nano.a(libc_a-msizer.o)
 .ARM.attributes
                0x00000000000006ff       0x1e C:/ST/STM32CubeIDE_1.13.2/STM32CubeIDE/plugins/com.st.stm32cube.ide.mcu.externaltools.gnu-tools-for-stm32.11.3.rel1.win32_1.1.1.202309131626/tools/bin/../lib/gcc/arm-none-eabi/11.3.1/thumb/v7e-m+dp/hard\libgcc.a(_aeabi_uldivmod.o)
 .ARM.attributes
                0x000000000000071d       0x32 C:/ST/STM32CubeIDE_1.13.2/STM32CubeIDE/plugins/com.st.stm32cube.ide.mcu.externaltools.gnu-tools-for-stm32.11.3.rel1.win32_1.1.1.202309131626/tools/bin/../lib/gcc/arm-none-eabi/11.3.1/thumb/v7e-m+dp/hard\libgcc.a(_udivmoddi4.o)
 .ARM.attributes
                0x000000000000074f       0x1e C:/ST/STM32CubeIDE_1.13.2/STM32CubeIDE/plugins/com.st.stm32cube.ide.mcu.externaltools.gnu-tools-for-stm32.11.3.rel1.win32_1.1.1.202309131626/tools/bin/../lib/gcc/arm-none-eabi/11.3.1/thumb/v7e-m+dp/hard\libgcc.a(_dvmd_tls.o)
 .ARM.attributes
                0x000000000000076d       0x1e C:/ST/STM32CubeIDE_1.13.2/STM32CubeIDE/plugins/com.st.stm32cube.ide.mcu.externaltools.gnu-tools-for-stm32.11.3.rel1.win32_1.1.1.202309131626/tools/bin/../lib/gcc/arm-none-eabi/11.3.1/thumb/v7e-m+dp/hard/crtn.o
OUTPUT(gettingdatafrom1channel.elf elf32-littlearm)
LOAD linker stubs
LOAD C:/ST/STM32CubeIDE_1.13.2/STM32CubeIDE/plugins/com.st.stm32cube.ide.mcu.externaltools.gnu-tools-for-stm32.11.3.rel1.win32_1.1.1.202309131626/tools/bin/../lib/gcc/arm-none-eabi/11.3.1/../../../../arm-none-eabi/lib/thumb/v7e-m+dp/hard\libc.a
LOAD C:/ST/STM32CubeIDE_1.13.2/STM32CubeIDE/plugins/com.st.stm32cube.ide.mcu.externaltools.gnu-tools-for-stm32.11.3.rel1.win32_1.1.1.202309131626/tools/bin/../lib/gcc/arm-none-eabi/11.3.1/../../../../arm-none-eabi/lib/thumb/v7e-m+dp/hard\libm.a
LOAD C:/ST/STM32CubeIDE_1.13.2/STM32CubeIDE/plugins/com.st.stm32cube.ide.mcu.externaltools.gnu-tools-for-stm32.11.3.rel1.win32_1.1.1.202309131626/tools/bin/../lib/gcc/arm-none-eabi/11.3.1/thumb/v7e-m+dp/hard\libgcc.a

.comment        0x0000000000000000       0x43
 .comment       0x0000000000000000       0x43 C:/ST/STM32CubeIDE_1.13.2/STM32CubeIDE/plugins/com.st.stm32cube.ide.mcu.externaltools.gnu-tools-for-stm32.11.3.rel1.win32_1.1.1.202309131626/tools/bin/../lib/gcc/arm-none-eabi/11.3.1/thumb/v7e-m+dp/hard/crtbegin.o
                                         0x44 (size before relaxing)
 .comment       0x0000000000000043       0x44 ./Core/Src/main.o
 .comment       0x0000000000000043       0x44 ./Core/Src/stm32h7xx_hal_msp.o
 .comment       0x0000000000000043       0x44 ./Core/Src/stm32h7xx_it.o
 .comment       0x0000000000000043       0x44 ./Core/Src/sysmem.o
 .comment       0x0000000000000043       0x44 ./Core/Src/system_stm32h7xx.o
 .comment       0x0000000000000043       0x44 ./Drivers/STM32H7xx_HAL_Driver/Src/stm32h7xx_hal.o
 .comment       0x0000000000000043       0x44 ./Drivers/STM32H7xx_HAL_Driver/Src/stm32h7xx_hal_adc.o
 .comment       0x0000000000000043       0x44 ./Drivers/STM32H7xx_HAL_Driver/Src/stm32h7xx_hal_adc_ex.o
 .comment       0x0000000000000043       0x44 ./Drivers/STM32H7xx_HAL_Driver/Src/stm32h7xx_hal_cortex.o
 .comment       0x0000000000000043       0x44 ./Drivers/STM32H7xx_HAL_Driver/Src/stm32h7xx_hal_gpio.o
 .comment       0x0000000000000043       0x44 ./Drivers/STM32H7xx_HAL_Driver/Src/stm32h7xx_hal_pwr_ex.o
 .comment       0x0000000000000043       0x44 ./Drivers/STM32H7xx_HAL_Driver/Src/stm32h7xx_hal_rcc.o
 .comment       0x0000000000000043       0x44 ./Drivers/STM32H7xx_HAL_Driver/Src/stm32h7xx_hal_rcc_ex.o
 .comment       0x0000000000000043       0x44 ./Drivers/STM32H7xx_HAL_Driver/Src/stm32h7xx_hal_uart.o
 .comment       0x0000000000000043       0x44 ./Drivers/STM32H7xx_HAL_Driver/Src/stm32h7xx_hal_uart_ex.o

.debug_info     0x0000000000000000    0x13752
 .debug_info    0x0000000000000000     0x1b95 ./Core/Src/main.o
 .debug_info    0x0000000000001b95     0x15aa ./Core/Src/stm32h7xx_hal_msp.o
 .debug_info    0x000000000000313f      0x128 ./Core/Src/stm32h7xx_it.o
 .debug_info    0x0000000000003267      0x168 ./Core/Src/sysmem.o
 .debug_info    0x00000000000033cf      0xc73 ./Core/Src/system_stm32h7xx.o
 .debug_info    0x0000000000004042       0x23 ./Core/Startup/startup_stm32h7a3zitxq.o
 .debug_info    0x0000000000004065     0x13f1 ./Drivers/STM32H7xx_HAL_Driver/Src/stm32h7xx_hal.o
 .debug_info    0x0000000000005456     0x1df6 ./Drivers/STM32H7xx_HAL_Driver/Src/stm32h7xx_hal_adc.o
 .debug_info    0x000000000000724c     0x1f1d ./Drivers/STM32H7xx_HAL_Driver/Src/stm32h7xx_hal_adc_ex.o
 .debug_info    0x0000000000009169     0x1042 ./Drivers/STM32H7xx_HAL_Driver/Src/stm32h7xx_hal_cortex.o
 .debug_info    0x000000000000a1ab      0xb2b ./Drivers/STM32H7xx_HAL_Driver/Src/stm32h7xx_hal_gpio.o
 .debug_info    0x000000000000acd6      0xef7 ./Drivers/STM32H7xx_HAL_Driver/Src/stm32h7xx_hal_pwr_ex.o
 .debug_info    0x000000000000bbcd      0xea1 ./Drivers/STM32H7xx_HAL_Driver/Src/stm32h7xx_hal_rcc.o
 .debug_info    0x000000000000ca6e     0x11fd ./Drivers/STM32H7xx_HAL_Driver/Src/stm32h7xx_hal_rcc_ex.o
 .debug_info    0x000000000000dc6b     0x4b32 ./Drivers/STM32H7xx_HAL_Driver/Src/stm32h7xx_hal_uart.o
 .debug_info    0x000000000001279d      0xfb5 ./Drivers/STM32H7xx_HAL_Driver/Src/stm32h7xx_hal_uart_ex.o

.debug_abbrev   0x0000000000000000     0x2345
 .debug_abbrev  0x0000000000000000      0x2fd ./Core/Src/main.o
 .debug_abbrev  0x00000000000002fd      0x215 ./Core/Src/stm32h7xx_hal_msp.o
 .debug_abbrev  0x0000000000000512       0x73 ./Core/Src/stm32h7xx_it.o
 .debug_abbrev  0x0000000000000585       0xbc ./Core/Src/sysmem.o
 .debug_abbrev  0x0000000000000641      0x14a ./Core/Src/system_stm32h7xx.o
 .debug_abbrev  0x000000000000078b       0x12 ./Core/Startup/startup_stm32h7a3zitxq.o
 .debug_abbrev  0x000000000000079d      0x291 ./Drivers/STM32H7xx_HAL_Driver/Src/stm32h7xx_hal.o
 .debug_abbrev  0x0000000000000a2e      0x2d3 ./Drivers/STM32H7xx_HAL_Driver/Src/stm32h7xx_hal_adc.o
 .debug_abbrev  0x0000000000000d01      0x31b ./Drivers/STM32H7xx_HAL_Driver/Src/stm32h7xx_hal_adc_ex.o
 .debug_abbrev  0x000000000000101c      0x339 ./Drivers/STM32H7xx_HAL_Driver/Src/stm32h7xx_hal_cortex.o
 .debug_abbrev  0x0000000000001355      0x1fa ./Drivers/STM32H7xx_HAL_Driver/Src/stm32h7xx_hal_gpio.o
 .debug_abbrev  0x000000000000154f      0x297 ./Drivers/STM32H7xx_HAL_Driver/Src/stm32h7xx_hal_pwr_ex.o
 .debug_abbrev  0x00000000000017e6      0x2c5 ./Drivers/STM32H7xx_HAL_Driver/Src/stm32h7xx_hal_rcc.o
 .debug_abbrev  0x0000000000001aab      0x27a ./Drivers/STM32H7xx_HAL_Driver/Src/stm32h7xx_hal_rcc_ex.o
 .debug_abbrev  0x0000000000001d25      0x34e ./Drivers/STM32H7xx_HAL_Driver/Src/stm32h7xx_hal_uart.o
 .debug_abbrev  0x0000000000002073      0x2d2 ./Drivers/STM32H7xx_HAL_Driver/Src/stm32h7xx_hal_uart_ex.o

.debug_aranges  0x0000000000000000      0xe78
 .debug_aranges
                0x0000000000000000       0x60 ./Core/Src/main.o
 .debug_aranges
                0x0000000000000060       0x40 ./Core/Src/stm32h7xx_hal_msp.o
 .debug_aranges
                0x00000000000000a0       0x60 ./Core/Src/stm32h7xx_it.o
 .debug_aranges
                0x0000000000000100       0x20 ./Core/Src/sysmem.o
 .debug_aranges
                0x0000000000000120       0x28 ./Core/Src/system_stm32h7xx.o
 .debug_aranges
                0x0000000000000148       0x28 ./Core/Startup/startup_stm32h7a3zitxq.o
 .debug_aranges
                0x0000000000000170      0x1a0 ./Drivers/STM32H7xx_HAL_Driver/Src/stm32h7xx_hal.o
 .debug_aranges
                0x0000000000000310      0x228 ./Drivers/STM32H7xx_HAL_Driver/Src/stm32h7xx_hal_adc.o
 .debug_aranges
                0x0000000000000538      0x1d8 ./Drivers/STM32H7xx_HAL_Driver/Src/stm32h7xx_hal_adc_ex.o
 .debug_aranges
                0x0000000000000710      0x120 ./Drivers/STM32H7xx_HAL_Driver/Src/stm32h7xx_hal_cortex.o
 .debug_aranges
                0x0000000000000830       0x58 ./Drivers/STM32H7xx_HAL_Driver/Src/stm32h7xx_hal_gpio.o
 .debug_aranges
                0x0000000000000888      0x188 ./Drivers/STM32H7xx_HAL_Driver/Src/stm32h7xx_hal_pwr_ex.o
 .debug_aranges
                0x0000000000000a10       0x88 ./Drivers/STM32H7xx_HAL_Driver/Src/stm32h7xx_hal_rcc.o
 .debug_aranges
                0x0000000000000a98       0xf0 ./Drivers/STM32H7xx_HAL_Driver/Src/stm32h7xx_hal_rcc_ex.o
 .debug_aranges
                0x0000000000000b88      0x248 ./Drivers/STM32H7xx_HAL_Driver/Src/stm32h7xx_hal_uart.o
 .debug_aranges
                0x0000000000000dd0       0xa8 ./Drivers/STM32H7xx_HAL_Driver/Src/stm32h7xx_hal_uart_ex.o

.debug_rnglists
                0x0000000000000000      0xb24
 .debug_rnglists
                0x0000000000000000       0x49 ./Core/Src/main.o
 .debug_rnglists
                0x0000000000000049       0x2e ./Core/Src/stm32h7xx_hal_msp.o
 .debug_rnglists
                0x0000000000000077       0x43 ./Core/Src/stm32h7xx_it.o
 .debug_rnglists
                0x00000000000000ba       0x13 ./Core/Src/sysmem.o
 .debug_rnglists
                0x00000000000000cd       0x1b ./Core/Src/system_stm32h7xx.o
 .debug_rnglists
                0x00000000000000e8       0x19 ./Core/Startup/startup_stm32h7a3zitxq.o
 .debug_rnglists
                0x0000000000000101      0x137 ./Drivers/STM32H7xx_HAL_Driver/Src/stm32h7xx_hal.o
 .debug_rnglists
                0x0000000000000238      0x1a9 ./Drivers/STM32H7xx_HAL_Driver/Src/stm32h7xx_hal_adc.o
 .debug_rnglists
                0x00000000000003e1      0x16f ./Drivers/STM32H7xx_HAL_Driver/Src/stm32h7xx_hal_adc_ex.o
 .debug_rnglists
                0x0000000000000550       0xd4 ./Drivers/STM32H7xx_HAL_Driver/Src/stm32h7xx_hal_cortex.o
 .debug_rnglists
                0x0000000000000624       0x3f ./Drivers/STM32H7xx_HAL_Driver/Src/stm32h7xx_hal_gpio.o
 .debug_rnglists
                0x0000000000000663      0x126 ./Drivers/STM32H7xx_HAL_Driver/Src/stm32h7xx_hal_pwr_ex.o
 .debug_rnglists
                0x0000000000000789       0x68 ./Drivers/STM32H7xx_HAL_Driver/Src/stm32h7xx_hal_rcc.o
 .debug_rnglists
                0x00000000000007f1       0xba ./Drivers/STM32H7xx_HAL_Driver/Src/stm32h7xx_hal_rcc_ex.o
 .debug_rnglists
                0x00000000000008ab      0x1fa ./Drivers/STM32H7xx_HAL_Driver/Src/stm32h7xx_hal_uart.o
 .debug_rnglists
                0x0000000000000aa5       0x7f ./Drivers/STM32H7xx_HAL_Driver/Src/stm32h7xx_hal_uart_ex.o

.debug_macro    0x0000000000000000    0x311ec
 .debug_macro   0x0000000000000000      0x32a ./Core/Src/main.o
 .debug_macro   0x000000000000032a      0xac0 ./Core/Src/main.o
 .debug_macro   0x0000000000000dea      0x238 ./Core/Src/main.o
 .debug_macro   0x0000000000001022       0x2e ./Core/Src/main.o
 .debug_macro   0x0000000000001050       0x42 ./Core/Src/main.o
 .debug_macro   0x0000000000001092       0x22 ./Core/Src/main.o
 .debug_macro   0x00000000000010b4       0x8e ./Core/Src/main.o
 .debug_macro   0x0000000000001142       0x51 ./Core/Src/main.o
 .debug_macro   0x0000000000001193      0x103 ./Core/Src/main.o
 .debug_macro   0x0000000000001296       0x6a ./Core/Src/main.o
 .debug_macro   0x0000000000001300      0x1df ./Core/Src/main.o
 .debug_macro   0x00000000000014df       0x1c ./Core/Src/main.o
 .debug_macro   0x00000000000014fb       0x22 ./Core/Src/main.o
 .debug_macro   0x000000000000151d       0xfb ./Core/Src/main.o
 .debug_macro   0x0000000000001618     0x1305 ./Core/Src/main.o
 .debug_macro   0x000000000000291d      0x11f ./Core/Src/main.o
 .debug_macro   0x0000000000002a3c       0x27 ./Core/Src/main.o
 .debug_macro   0x0000000000002a63    0x1e8d1 ./Core/Src/main.o
 .debug_macro   0x0000000000021334       0x6d ./Core/Src/main.o
 .debug_macro   0x00000000000213a1     0x3d64 ./Core/Src/main.o
 .debug_macro   0x0000000000025105      0x174 ./Core/Src/main.o
 .debug_macro   0x0000000000025279       0x61 ./Core/Src/main.o
 .debug_macro   0x00000000000252da       0x29 ./Core/Src/main.o
 .debug_macro   0x0000000000025303       0x43 ./Core/Src/main.o
 .debug_macro   0x0000000000025346       0x34 ./Core/Src/main.o
 .debug_macro   0x000000000002537a       0x16 ./Core/Src/main.o
 .debug_macro   0x0000000000025390       0x43 ./Core/Src/main.o
 .debug_macro   0x00000000000253d3       0x34 ./Core/Src/main.o
 .debug_macro   0x0000000000025407       0x10 ./Core/Src/main.o
 .debug_macro   0x0000000000025417       0x58 ./Core/Src/main.o
 .debug_macro   0x000000000002546f       0x8e ./Core/Src/main.o
 .debug_macro   0x00000000000254fd       0x1c ./Core/Src/main.o
 .debug_macro   0x0000000000025519      0x177 ./Core/Src/main.o
 .debug_macro   0x0000000000025690      0x369 ./Core/Src/main.o
 .debug_macro   0x00000000000259f9      0x19b ./Core/Src/main.o
 .debug_macro   0x0000000000025b94       0x5d ./Core/Src/main.o
 .debug_macro   0x0000000000025bf1     0x24ee ./Core/Src/main.o
 .debug_macro   0x00000000000280df     0x103a ./Core/Src/main.o
 .debug_macro   0x0000000000029119      0x154 ./Core/Src/main.o
 .debug_macro   0x000000000002926d      0x114 ./Core/Src/main.o
 .debug_macro   0x0000000000029381      0x3bf ./Core/Src/main.o
 .debug_macro   0x0000000000029740       0xac ./Core/Src/main.o
 .debug_macro   0x00000000000297ec      0x70a ./Core/Src/main.o
 .debug_macro   0x0000000000029ef6      0x20c ./Core/Src/main.o
 .debug_macro   0x000000000002a102       0x66 ./Core/Src/main.o
 .debug_macro   0x000000000002a168      0x3c9 ./Core/Src/main.o
 .debug_macro   0x000000000002a531      0x3eb ./Core/Src/main.o
 .debug_macro   0x000000000002a91c      0x275 ./Core/Src/main.o
 .debug_macro   0x000000000002ab91     0x102f ./Core/Src/main.o
 .debug_macro   0x000000000002bbc0      0x6c5 ./Core/Src/main.o
 .debug_macro   0x000000000002c285      0x34b ./Core/Src/main.o
 .debug_macro   0x000000000002c5d0      0x6c8 ./Core/Src/main.o
 .debug_macro   0x000000000002cc98      0x520 ./Core/Src/main.o
 .debug_macro   0x000000000002d1b8       0x58 ./Core/Src/main.o
 .debug_macro   0x000000000002d210       0x4a ./Core/Src/main.o
 .debug_macro   0x000000000002d25a      0x22c ./Core/Src/main.o
 .debug_macro   0x000000000002d486       0x67 ./Core/Src/main.o
 .debug_macro   0x000000000002d4ed       0xa5 ./Core/Src/main.o
 .debug_macro   0x000000000002d592      0x1bd ./Core/Src/main.o
 .debug_macro   0x000000000002d74f      0x2dc ./Core/Src/main.o
 .debug_macro   0x000000000002da2b       0x35 ./Core/Src/main.o
 .debug_macro   0x000000000002da60      0x693 ./Core/Src/main.o
 .debug_macro   0x000000000002e0f3       0xa6 ./Core/Src/main.o
 .debug_macro   0x000000000002e199      0x5be ./Core/Src/main.o
 .debug_macro   0x000000000002e757       0xc4 ./Core/Src/main.o
 .debug_macro   0x000000000002e81b       0x16 ./Core/Src/main.o
 .debug_macro   0x000000000002e831       0x35 ./Core/Src/main.o
 .debug_macro   0x000000000002e866       0x20 ./Core/Src/main.o
 .debug_macro   0x000000000002e886       0x1c ./Core/Src/main.o
 .debug_macro   0x000000000002e8a2       0x10 ./Core/Src/main.o
 .debug_macro   0x000000000002e8b2       0x1c ./Core/Src/main.o
 .debug_macro   0x000000000002e8ce       0x16 ./Core/Src/main.o
 .debug_macro   0x000000000002e8e4      0x147 ./Core/Src/main.o
 .debug_macro   0x000000000002ea2b      0x2c6 ./Core/Src/stm32h7xx_hal_msp.o
 .debug_macro   0x000000000002ecf1      0x2d0 ./Core/Src/stm32h7xx_it.o
 .debug_macro   0x000000000002efc1       0xff ./Core/Src/sysmem.o
 .debug_macro   0x000000000002f0c0      0x23c ./Core/Src/sysmem.o
 .debug_macro   0x000000000002f2fc      0x2b7 ./Core/Src/system_stm32h7xx.o
 .debug_macro   0x000000000002f5b3      0x2e1 ./Drivers/STM32H7xx_HAL_Driver/Src/stm32h7xx_hal.o
 .debug_macro   0x000000000002f894      0x2db ./Drivers/STM32H7xx_HAL_Driver/Src/stm32h7xx_hal_adc.o
 .debug_macro   0x000000000002fb6f      0x2c3 ./Drivers/STM32H7xx_HAL_Driver/Src/stm32h7xx_hal_adc_ex.o
 .debug_macro   0x000000000002fe32      0x2b7 ./Drivers/STM32H7xx_HAL_Driver/Src/stm32h7xx_hal_cortex.o
 .debug_macro   0x00000000000300e9      0x2be ./Drivers/STM32H7xx_HAL_Driver/Src/stm32h7xx_hal_gpio.o
 .debug_macro   0x00000000000303a7      0x2f0 ./Drivers/STM32H7xx_HAL_Driver/Src/stm32h7xx_hal_pwr_ex.o
 .debug_macro   0x0000000000030697      0x2db ./Drivers/STM32H7xx_HAL_Driver/Src/stm32h7xx_hal_rcc.o
 .debug_macro   0x0000000000030972      0x2d5 ./Drivers/STM32H7xx_HAL_Driver/Src/stm32h7xx_hal_rcc_ex.o
 .debug_macro   0x0000000000030c47      0x2e2 ./Drivers/STM32H7xx_HAL_Driver/Src/stm32h7xx_hal_uart.o
 .debug_macro   0x0000000000030f29      0x2c3 ./Drivers/STM32H7xx_HAL_Driver/Src/stm32h7xx_hal_uart_ex.o

.debug_line     0x0000000000000000    0x128f9
 .debug_line    0x0000000000000000      0xc58 ./Core/Src/main.o
 .debug_line    0x0000000000000c58      0x9e1 ./Core/Src/stm32h7xx_hal_msp.o
 .debug_line    0x0000000000001639      0x9b4 ./Core/Src/stm32h7xx_it.o
 .debug_line    0x0000000000001fed      0x579 ./Core/Src/sysmem.o
 .debug_line    0x0000000000002566      0xa96 ./Core/Src/system_stm32h7xx.o
 .debug_line    0x0000000000002ffc       0x7a ./Core/Startup/startup_stm32h7a3zitxq.o
 .debug_line    0x0000000000003076      0xea9 ./Drivers/STM32H7xx_HAL_Driver/Src/stm32h7xx_hal.o
 .debug_line    0x0000000000003f1f     0x20e4 ./Drivers/STM32H7xx_HAL_Driver/Src/stm32h7xx_hal_adc.o
 .debug_line    0x0000000000006003     0x1dc0 ./Drivers/STM32H7xx_HAL_Driver/Src/stm32h7xx_hal_adc_ex.o
 .debug_line    0x0000000000007dc3      0xea5 ./Drivers/STM32H7xx_HAL_Driver/Src/stm32h7xx_hal_cortex.o
 .debug_line    0x0000000000008c68      0xd62 ./Drivers/STM32H7xx_HAL_Driver/Src/stm32h7xx_hal_gpio.o
 .debug_line    0x00000000000099ca     0x102d ./Drivers/STM32H7xx_HAL_Driver/Src/stm32h7xx_hal_pwr_ex.o
 .debug_line    0x000000000000a9f7     0x13fa ./Drivers/STM32H7xx_HAL_Driver/Src/stm32h7xx_hal_rcc.o
 .debug_line    0x000000000000bdf1     0x1c78 ./Drivers/STM32H7xx_HAL_Driver/Src/stm32h7xx_hal_rcc_ex.o
 .debug_line    0x000000000000da69     0x3f53 ./Drivers/STM32H7xx_HAL_Driver/Src/stm32h7xx_hal_uart.o
 .debug_line    0x00000000000119bc      0xf3d ./Drivers/STM32H7xx_HAL_Driver/Src/stm32h7xx_hal_uart_ex.o

.debug_str      0x0000000000000000   0x147055
 .debug_str     0x0000000000000000   0x1424e7 ./Core/Src/main.o
                                     0x142d4b (size before relaxing)
 .debug_str     0x00000000001424e7       0xc5 ./Core/Src/stm32h7xx_hal_msp.o
                                     0x142283 (size before relaxing)
 .debug_str     0x00000000001425ac       0xc9 ./Core/Src/stm32h7xx_it.o
                                     0x1413ee (size before relaxing)
 .debug_str     0x0000000000142675      0x4dc ./Core/Src/sysmem.o
                                       0x60b7 (size before relaxing)
 .debug_str     0x0000000000142b51      0x30e ./Core/Src/system_stm32h7xx.o
                                     0x1415ae (size before relaxing)
 .debug_str     0x0000000000142e5f       0x35 ./Core/Startup/startup_stm32h7a3zitxq.o
                                         0x80 (size before relaxing)
 .debug_str     0x0000000000142e94      0xeb0 ./Drivers/STM32H7xx_HAL_Driver/Src/stm32h7xx_hal.o
                                     0x142482 (size before relaxing)
 .debug_str     0x0000000000143d44      0xaec ./Drivers/STM32H7xx_HAL_Driver/Src/stm32h7xx_hal_adc.o
                                     0x14230c (size before relaxing)
 .debug_str     0x0000000000144830      0x7c4 ./Drivers/STM32H7xx_HAL_Driver/Src/stm32h7xx_hal_adc_ex.o
                                     0x142358 (size before relaxing)
 .debug_str     0x0000000000144ff4      0x353 ./Drivers/STM32H7xx_HAL_Driver/Src/stm32h7xx_hal_cortex.o
                                     0x141e92 (size before relaxing)
 .debug_str     0x0000000000145347       0xec ./Drivers/STM32H7xx_HAL_Driver/Src/stm32h7xx_hal_gpio.o
                                     0x14155f (size before relaxing)
 .debug_str     0x0000000000145433      0x738 ./Drivers/STM32H7xx_HAL_Driver/Src/stm32h7xx_hal_pwr_ex.o
                                     0x141ae4 (size before relaxing)
 .debug_str     0x0000000000145b6b      0x21a ./Drivers/STM32H7xx_HAL_Driver/Src/stm32h7xx_hal_rcc.o
                                     0x141987 (size before relaxing)
 .debug_str     0x0000000000145d85      0x608 ./Drivers/STM32H7xx_HAL_Driver/Src/stm32h7xx_hal_rcc_ex.o
                                     0x141e1c (size before relaxing)
 .debug_str     0x000000000014638d      0xa5b ./Drivers/STM32H7xx_HAL_Driver/Src/stm32h7xx_hal_uart.o
                                     0x1424b7 (size before relaxing)
 .debug_str     0x0000000000146de8      0x26d ./Drivers/STM32H7xx_HAL_Driver/Src/stm32h7xx_hal_uart_ex.o
                                     0x141a56 (size before relaxing)

.debug_frame    0x0000000000000000     0x4278
 .debug_frame   0x0000000000000000      0x13c ./Core/Src/main.o
 .debug_frame   0x000000000000013c       0xcc ./Core/Src/stm32h7xx_hal_msp.o
 .debug_frame   0x0000000000000208      0x104 ./Core/Src/stm32h7xx_it.o
 .debug_frame   0x000000000000030c       0x34 ./Core/Src/sysmem.o
 .debug_frame   0x0000000000000340       0x58 ./Core/Src/system_stm32h7xx.o
 .debug_frame   0x0000000000000398      0x6a8 ./Drivers/STM32H7xx_HAL_Driver/Src/stm32h7xx_hal.o
 .debug_frame   0x0000000000000a40      0xa28 ./Drivers/STM32H7xx_HAL_Driver/Src/stm32h7xx_hal_adc.o
 .debug_frame   0x0000000000001468      0x88c ./Drivers/STM32H7xx_HAL_Driver/Src/stm32h7xx_hal_adc_ex.o
 .debug_frame   0x0000000000001cf4      0x4b8 ./Drivers/STM32H7xx_HAL_Driver/Src/stm32h7xx_hal_cortex.o
 .debug_frame   0x00000000000021ac      0x14c ./Drivers/STM32H7xx_HAL_Driver/Src/stm32h7xx_hal_gpio.o
 .debug_frame   0x00000000000022f8      0x660 ./Drivers/STM32H7xx_HAL_Driver/Src/stm32h7xx_hal_pwr_ex.o
 .debug_frame   0x0000000000002958      0x1fc ./Drivers/STM32H7xx_HAL_Driver/Src/stm32h7xx_hal_rcc.o
 .debug_frame   0x0000000000002b54      0x3ec ./Drivers/STM32H7xx_HAL_Driver/Src/stm32h7xx_hal_rcc_ex.o
 .debug_frame   0x0000000000002f40      0xa94 ./Drivers/STM32H7xx_HAL_Driver/Src/stm32h7xx_hal_uart.o
 .debug_frame   0x00000000000039d4      0x2c0 ./Drivers/STM32H7xx_HAL_Driver/Src/stm32h7xx_hal_uart_ex.o
 .debug_frame   0x0000000000003c94      0x144 C:/ST/STM32CubeIDE_1.13.2/STM32CubeIDE/plugins/com.st.stm32cube.ide.mcu.externaltools.gnu-tools-for-stm32.11.3.rel1.win32_1.1.1.202309131626/tools/bin/../lib/gcc/arm-none-eabi/11.3.1/../../../../arm-none-eabi/lib/thumb/v7e-m+dp/hard\libc_nano.a(libc_a-findfp.o)
 .debug_frame   0x0000000000003dd8       0x6c C:/ST/STM32CubeIDE_1.13.2/STM32CubeIDE/plugins/com.st.stm32cube.ide.mcu.externaltools.gnu-tools-for-stm32.11.3.rel1.win32_1.1.1.202309131626/tools/bin/../lib/gcc/arm-none-eabi/11.3.1/../../../../arm-none-eabi/lib/thumb/v7e-m+dp/hard\libc_nano.a(libc_a-sprintf.o)
 .debug_frame   0x0000000000003e44       0x20 C:/ST/STM32CubeIDE_1.13.2/STM32CubeIDE/plugins/com.st.stm32cube.ide.mcu.externaltools.gnu-tools-for-stm32.11.3.rel1.win32_1.1.1.202309131626/tools/bin/../lib/gcc/arm-none-eabi/11.3.1/../../../../arm-none-eabi/lib/thumb/v7e-m+dp/hard\libc_nano.a(libc_a-memset.o)
 .debug_frame   0x0000000000003e64       0x38 C:/ST/STM32CubeIDE_1.13.2/STM32CubeIDE/plugins/com.st.stm32cube.ide.mcu.externaltools.gnu-tools-for-stm32.11.3.rel1.win32_1.1.1.202309131626/tools/bin/../lib/gcc/arm-none-eabi/11.3.1/../../../../arm-none-eabi/lib/thumb/v7e-m+dp/hard\libc_nano.a(libc_a-reent.o)
 .debug_frame   0x0000000000003e9c       0x20 C:/ST/STM32CubeIDE_1.13.2/STM32CubeIDE/plugins/com.st.stm32cube.ide.mcu.externaltools.gnu-tools-for-stm32.11.3.rel1.win32_1.1.1.202309131626/tools/bin/../lib/gcc/arm-none-eabi/11.3.1/../../../../arm-none-eabi/lib/thumb/v7e-m+dp/hard\libc_nano.a(libc_a-errno.o)
 .debug_frame   0x0000000000003ebc       0x2c C:/ST/STM32CubeIDE_1.13.2/STM32CubeIDE/plugins/com.st.stm32cube.ide.mcu.externaltools.gnu-tools-for-stm32.11.3.rel1.win32_1.1.1.202309131626/tools/bin/../lib/gcc/arm-none-eabi/11.3.1/../../../../arm-none-eabi/lib/thumb/v7e-m+dp/hard\libc_nano.a(libc_a-init.o)
 .debug_frame   0x0000000000003ee8       0xb0 C:/ST/STM32CubeIDE_1.13.2/STM32CubeIDE/plugins/com.st.stm32cube.ide.mcu.externaltools.gnu-tools-for-stm32.11.3.rel1.win32_1.1.1.202309131626/tools/bin/../lib/gcc/arm-none-eabi/11.3.1/../../../../arm-none-eabi/lib/thumb/v7e-m+dp/hard\libc_nano.a(libc_a-lock.o)
 .debug_frame   0x0000000000003f98       0x38 C:/ST/STM32CubeIDE_1.13.2/STM32CubeIDE/plugins/com.st.stm32cube.ide.mcu.externaltools.gnu-tools-for-stm32.11.3.rel1.win32_1.1.1.202309131626/tools/bin/../lib/gcc/arm-none-eabi/11.3.1/../../../../arm-none-eabi/lib/thumb/v7e-m+dp/hard\libc_nano.a(libc_a-freer.o)
 .debug_frame   0x0000000000003fd0       0x50 C:/ST/STM32CubeIDE_1.13.2/STM32CubeIDE/plugins/com.st.stm32cube.ide.mcu.externaltools.gnu-tools-for-stm32.11.3.rel1.win32_1.1.1.202309131626/tools/bin/../lib/gcc/arm-none-eabi/11.3.1/../../../../arm-none-eabi/lib/thumb/v7e-m+dp/hard\libc_nano.a(libc_a-mallocr.o)
 .debug_frame   0x0000000000004020       0x30 C:/ST/STM32CubeIDE_1.13.2/STM32CubeIDE/plugins/com.st.stm32cube.ide.mcu.externaltools.gnu-tools-for-stm32.11.3.rel1.win32_1.1.1.202309131626/tools/bin/../lib/gcc/arm-none-eabi/11.3.1/../../../../arm-none-eabi/lib/thumb/v7e-m+dp/hard\libc_nano.a(libc_a-mlock.o)
 .debug_frame   0x0000000000004050       0x90 C:/ST/STM32CubeIDE_1.13.2/STM32CubeIDE/plugins/com.st.stm32cube.ide.mcu.externaltools.gnu-tools-for-stm32.11.3.rel1.win32_1.1.1.202309131626/tools/bin/../lib/gcc/arm-none-eabi/11.3.1/../../../../arm-none-eabi/lib/thumb/v7e-m+dp/hard\libc_nano.a(libc_a-nano-svfprintf.o)
 .debug_frame   0x00000000000040e0       0x60 C:/ST/STM32CubeIDE_1.13.2/STM32CubeIDE/plugins/com.st.stm32cube.ide.mcu.externaltools.gnu-tools-for-stm32.11.3.rel1.win32_1.1.1.202309131626/tools/bin/../lib/gcc/arm-none-eabi/11.3.1/../../../../arm-none-eabi/lib/thumb/v7e-m+dp/hard\libc_nano.a(libc_a-nano-vfprintf_i.o)
 .debug_frame   0x0000000000004140       0x28 C:/ST/STM32CubeIDE_1.13.2/STM32CubeIDE/plugins/com.st.stm32cube.ide.mcu.externaltools.gnu-tools-for-stm32.11.3.rel1.win32_1.1.1.202309131626/tools/bin/../lib/gcc/arm-none-eabi/11.3.1/../../../../arm-none-eabi/lib/thumb/v7e-m+dp/hard\libc_nano.a(libc_a-memmove.o)
 .debug_frame   0x0000000000004168       0x2c C:/ST/STM32CubeIDE_1.13.2/STM32CubeIDE/plugins/com.st.stm32cube.ide.mcu.externaltools.gnu-tools-for-stm32.11.3.rel1.win32_1.1.1.202309131626/tools/bin/../lib/gcc/arm-none-eabi/11.3.1/../../../../arm-none-eabi/lib/thumb/v7e-m+dp/hard\libc_nano.a(libc_a-sbrkr.o)
 .debug_frame   0x0000000000004194       0x28 C:/ST/STM32CubeIDE_1.13.2/STM32CubeIDE/plugins/com.st.stm32cube.ide.mcu.externaltools.gnu-tools-for-stm32.11.3.rel1.win32_1.1.1.202309131626/tools/bin/../lib/gcc/arm-none-eabi/11.3.1/../../../../arm-none-eabi/lib/thumb/v7e-m+dp/hard\libc_nano.a(libc_a-memcpy-stub.o)
 .debug_frame   0x00000000000041bc       0x3c C:/ST/STM32CubeIDE_1.13.2/STM32CubeIDE/plugins/com.st.stm32cube.ide.mcu.externaltools.gnu-tools-for-stm32.11.3.rel1.win32_1.1.1.202309131626/tools/bin/../lib/gcc/arm-none-eabi/11.3.1/../../../../arm-none-eabi/lib/thumb/v7e-m+dp/hard\libc_nano.a(libc_a-reallocr.o)
 .debug_frame   0x00000000000041f8       0x20 C:/ST/STM32CubeIDE_1.13.2/STM32CubeIDE/plugins/com.st.stm32cube.ide.mcu.externaltools.gnu-tools-for-stm32.11.3.rel1.win32_1.1.1.202309131626/tools/bin/../lib/gcc/arm-none-eabi/11.3.1/../../../../arm-none-eabi/lib/thumb/v7e-m+dp/hard\libc_nano.a(libc_a-msizer.o)
 .debug_frame   0x0000000000004218       0x2c C:/ST/STM32CubeIDE_1.13.2/STM32CubeIDE/plugins/com.st.stm32cube.ide.mcu.externaltools.gnu-tools-for-stm32.11.3.rel1.win32_1.1.1.202309131626/tools/bin/../lib/gcc/arm-none-eabi/11.3.1/thumb/v7e-m+dp/hard\libgcc.a(_aeabi_uldivmod.o)
 .debug_frame   0x0000000000004244       0x34 C:/ST/STM32CubeIDE_1.13.2/STM32CubeIDE/plugins/com.st.stm32cube.ide.mcu.externaltools.gnu-tools-for-stm32.11.3.rel1.win32_1.1.1.202309131626/tools/bin/../lib/gcc/arm-none-eabi/11.3.1/thumb/v7e-m+dp/hard\libgcc.a(_udivmoddi4.o)

.debug_line_str
                0x0000000000000000       0x74
 .debug_line_str
                0x0000000000000000       0x74 ./Core/Startup/startup_stm32h7a3zitxq.o
                                         0x8d (size before relaxing)
